<html>
<body>
<pre>
<h1>µVision Build Log</h1>
<h2>Tool Versions:</h2>
IDE-Version: µVision V5.43.1.0
Copyright (C) 2025 ARM Ltd and ARM Germany GmbH. All rights reserved.
License Information: Rodolfo Zaragoza, Self, LIC=----
 
Tool Versions:
Toolchain:       MDK-Lite  Version: 5.43.0.0
Toolchain Path:  C:\Users\scath\AppData\Local\Keil_v5\ARM\ARMCLANG\Bin
C Compiler:      ArmClang.exe V6.24
Assembler:       Armasm.exe V6.24
Linker/Locator:  ArmLink.exe V6.24
Library Manager: ArmAr.exe V6.24
Hex Converter:   FromElf.exe V6.24
CPU DLL:         SARMCM3.DLL V5.43.0.0
Dialog DLL:      DCM.DLL V1.17.5.0
Target DLL:      STLink\ST-LINKIII-KEIL_SWO.dll V3.3.1.0
Dialog DLL:      TCM.DLL V1.56.6.0
 
<h2>Project:</h2>
C:\Users\scath\Desktop\GitHub\STM32-f103c8t6\stm32f103.uvprojx
Project File Date:  07/14/2026

<h2>Output:</h2>
*** Using Compiler 'V6.24', folder: 'C:\Users\scath\AppData\Local\Keil_v5\ARM\ARMCLANG\Bin'
Rebuild target 'Target_1'
compiling system_stm32f10x.c...
compiling delay_f103.c...
assembling startup_stm32f10x_md.s...
compiling misc.c...
compiling usartconfig.c...
compiling os_systick.c...
compiling main.c...
compiling freertos_evr.c...
compiling stm32f10x_gpio.c...
i2c.c(52): warning: unused variable 'temp' [-Wunused-variable]
   52 |         uint8_t temp = I2C1->SR1 | I2C1->SR2;                                                           // Read both SR1 and SR2 to clear ADDR; temp not used
      |                 ^~~~
i2c.c(68): warning: unused variable 'temp' [-Wunused-variable]
   68 |         uint8_t temp = I2C1->SR1 | I2C1->SR2;                                                           // Read both SR1 and SR2 to clear ADDR; temp not used
      |                 ^~~~
2 warnings generated.
compiling i2c.c...
compiling stm32f10x_usart.c...
compiling clib_os.c...
compiling stm32f10x_spi.c...
compiling GPIO_STM32F10x.c...
compiling stm32f10x_rcc.c...
compiling list.c...
compiling cmsis_os2.c...
compiling event_groups.c...
compiling port.c...
compiling heap_4.c...
compiling timers.c...
compiling queue.c...
compiling tasks.c...
linking...
Program Size: Code=12450 RO-data=278 RW-data=8 ZI-data=11544  
".\Objects\stm32f103.axf" - 0 Error(s), 2 Warning(s).

<h2>Software Packages used:</h2>

Package Vendor: ARM
                https://www.keil.com/pack/ARM.CMSIS.6.3.0.pack
                ARM::CMSIS@6.3.0
                CMSIS (Common Microcontroller Software Interface Standard)
   * Component: CORE Version: 6.2.0
   * Component: SysTick Version: 1.0.5
   * Component: OS Tick Version: 1.0.1
   * Component: RTOS2 Version: 2.3.0

Package Vendor: ARM
                https://www.keil.com/pack/ARM.CMSIS-FreeRTOS.11.3.0.pack
                ARM::CMSIS-FreeRTOS@11.3.0
                Bundle of FreeRTOS for Cortex-M and Cortex-A
   * Component: FreeRTOS Variant: Cortex-M Version: 11.3.0
   * Component: Config Variant: CMSIS RTOS2 Version: 11.3.0
   * Component: Core Variant: Cortex-M Version: 11.3.0
   * Component: Event Groups Version: 11.3.0
   * Component: Heap Variant: Heap_4 Version: 11.3.0
   * Component: Timers Version: 11.3.0

Package Vendor: Keil
                https://www.keil.com/pack/Keil.STM32F1xx_DFP.2.4.1.pack
                Keil::STM32F1xx_DFP@2.4.1
                STMicroelectronics STM32F1 Series Device Support, Drivers and Examples
   * Component: GPIO Version: 1.3
   * Component: Startup Version: 1.0.0
   * Component: Framework Version: 3.6.0
   * Component: GPIO Version: 3.6.0
   * Component: RCC Version: 3.6.0
   * Component: SPI Version: 3.6.0
   * Component: USART Version: 3.6.0

<h2>Collection of Component include folders:</h2>
  ./RTE/Device/STM32F103C8
  ./RTE/RTOS
  ./RTE/_Target_1
  C:/Users/scath/AppData/Local/Arm/Packs/ARM/CMSIS-FreeRTOS/11.3.0/CMSIS/RTOS2/FreeRTOS/Include
  C:/Users/scath/AppData/Local/Arm/Packs/ARM/CMSIS-FreeRTOS/11.3.0/Source/include
  C:/Users/scath/AppData/Local/Arm/Packs/ARM/CMSIS-FreeRTOS/11.3.0/Source/portable/GCC/ARM_CM3
  C:/Users/scath/AppData/Local/Arm/Packs/ARM/CMSIS/6.3.0/CMSIS/Core/Include
  C:/Users/scath/AppData/Local/Arm/Packs/ARM/CMSIS/6.3.0/CMSIS/RTOS2/Include
  C:/Users/scath/AppData/Local/Arm/Packs/Keil/STM32F1xx_DFP/2.4.1/Device/Include
  C:/Users/scath/AppData/Local/Arm/Packs/Keil/STM32F1xx_DFP/2.4.1/Device/StdPeriph_Driver/inc
  C:/Users/scath/AppData/Local/Arm/Packs/Keil/STM32F1xx_DFP/2.4.1/RTE_Driver

<h2>Collection of Component Files used:</h2>

   * Component: ARM::CMSIS:CORE@6.2.0

   * Component: ARM::CMSIS:OS Tick:SysTick@1.0.5
      Source file:   CMSIS/RTOS2/Source/os_systick.c

   * Component: ARM::CMSIS:RTOS2:FreeRTOS&Cortex-M@11.3.0
      Include file:  CMSIS/RTOS2/FreeRTOS/Include/freertos_mpool.h
      Source file:   CMSIS/RTOS2/FreeRTOS/Source/clib_os.c
      Source file:   CMSIS/RTOS2/FreeRTOS/Source/cmsis_os2.c

   * Component: ARM::RTOS&FreeRTOS:Config&CMSIS RTOS2@11.3.0
      Include file:  CMSIS/RTOS2/FreeRTOS/Config/FreeRTOSConfig.h

   * Component: ARM::RTOS&FreeRTOS:Core&Cortex-M@11.3.0
      Include file:  Source/include/task.h
      Include file:  Source/include/FreeRTOS.h
      Source file:   Source/tasks.c
      Include file:  Source/include/semphr.h
      Include file:  Source/include/queue.h
      Source file:   Source/list.c
      Source file:   Source/portable/GCC/ARM_CM3/port.c
      Source file:   Source/queue.c
      Source file:   CMSIS/RTOS2/FreeRTOS/Source/freertos_evr.c

   * Component: ARM::RTOS&FreeRTOS:Event Groups@11.3.0
      Include file:  Source/include/event_groups.h
      Source file:   Source/event_groups.c

   * Component: ARM::RTOS&FreeRTOS:Heap&Heap_4@11.3.0
      Source file:   Source/portable/MemMang/heap_4.c

   * Component: ARM::RTOS&FreeRTOS:Timers@11.3.0
      Include file:  Source/include/timers.h
      Source file:   Source/timers.c

   * Component: CMSIS:OS Tick(API)@1.0.1
      Include file:  CMSIS/RTOS2/Include/os_tick.h

   * Component: CMSIS:RTOS2(API)@2.3.0
      Include file:  CMSIS/RTOS2/Include/cmsis_os2.h

   * Component: Keil::Device:GPIO@1.3
      Source file:   RTE_Driver/GPIO_STM32F10x.c
      Include file:  RTE_Driver/GPIO_STM32F10x.h

   * Component: Keil::Device:Startup@1.0.0
      Source file:   Device/Source/system_stm32f10x.c
      Source file:   Device/Source/ARM/STM32F1xx_OPT.s
      Source file:   Device/Source/ARM/startup_stm32f10x_md.s
      Include file:  RTE_Driver/Config/RTE_Device.h

   * Component: Keil::Device:StdPeriph Drivers:Framework@3.6.0
      Source file:   Device/StdPeriph_Driver/templates/stm32f10x_it.c
      Include file:  Device/StdPeriph_Driver/inc/misc.h
      Source file:   Device/StdPeriph_Driver/src/misc.c
      Include file:  Device/StdPeriph_Driver/templates/stm32f10x_it.h
      Source file:   Device/StdPeriph_Driver/templates/stm32f10x_conf.h

   * Component: Keil::Device:StdPeriph Drivers:GPIO@3.6.0
      Include file:  Device/StdPeriph_Driver/inc/stm32f10x_gpio.h
      Source file:   Device/StdPeriph_Driver/src/stm32f10x_gpio.c

   * Component: Keil::Device:StdPeriph Drivers:RCC@3.6.0
      Source file:   Device/StdPeriph_Driver/src/stm32f10x_rcc.c
      Include file:  Device/StdPeriph_Driver/inc/stm32f10x_rcc.h

   * Component: Keil::Device:StdPeriph Drivers:SPI@3.6.0
      Include file:  Device/StdPeriph_Driver/inc/stm32f10x_spi.h
      Source file:   Device/StdPeriph_Driver/src/stm32f10x_spi.c

   * Component: Keil::Device:StdPeriph Drivers:USART@3.6.0
      Source file:   Device/StdPeriph_Driver/src/stm32f10x_usart.c
      Include file:  Device/StdPeriph_Driver/inc/stm32f10x_usart.h
Build Time Elapsed:  00:00:01
</pre>
</body>
</html>
