Component: Arm Compiler for Embedded 6.24 Tool: armlink [5f371500]

==============================================================================

Section Cross References

    main.o(.text.gpio_Config) refers to stm32f10x_gpio.o(.text.GPIO_Init) for GPIO_Init
    main.o(.ARM.exidx.text.gpio_Config) refers to main.o(.text.gpio_Config) for [Anonymous Symbol]
    main.o(.text.ledControlTask) refers to main.o(.data.LED_VAL) for LED_VAL
    main.o(.text.ledControlTask) refers to stm32f10x_gpio.o(.text.GPIO_WriteBit) for GPIO_WriteBit
    main.o(.ARM.exidx.text.ledControlTask) refers to main.o(.text.ledControlTask) for [Anonymous Symbol]
    main.o(.ARM.exidx.text.lcdControlTask) refers to main.o(.text.lcdControlTask) for [Anonymous Symbol]
    main.o(.ARM.exidx.text.ledPWMTask) refers to main.o(.text.ledPWMTask) for [Anonymous Symbol]
    main.o(.text.main) refers to system_stm32f10x.o(.text.SystemInit) for SystemInit
    main.o(.text.main) refers to main.o(.text.gpio_Config) for gpio_Config
    main.o(.text.main) refers to delay_f103.o(.text.TIM2_Config) for TIM2_Config
    main.o(.text.main) refers to main.o(.text.ledControlTask) for ledControlTask
    main.o(.text.main) refers to main.o(.rodata.str1.1) for .L.str
    main.o(.text.main) refers to main.o(.data.LED1) for LED1
    main.o(.text.main) refers to tasks.o(.text.xTaskCreate) for xTaskCreate
    main.o(.text.main) refers to delay_f103.o(.text.delay_ms) for delay_ms
    main.o(.ARM.exidx.text.main) refers to main.o(.text.main) for [Anonymous Symbol]
    delay_f103.o(.ARM.exidx.text.TIM2_Config) refers to delay_f103.o(.text.TIM2_Config) for [Anonymous Symbol]
    delay_f103.o(.ARM.exidx.text.delay_us) refers to delay_f103.o(.text.delay_us) for [Anonymous Symbol]
    delay_f103.o(.text.delay_ms) refers to delay_f103.o(.text.delay_us) for delay_us
    delay_f103.o(.ARM.exidx.text.delay_ms) refers to delay_f103.o(.text.delay_ms) for [Anonymous Symbol]
    i2c.o(.ARM.exidx.text.I2C_Config) refers to i2c.o(.text.I2C_Config) for [Anonymous Symbol]
    i2c.o(.ARM.exidx.text.I2C_Start) refers to i2c.o(.text.I2C_Start) for [Anonymous Symbol]
    i2c.o(.ARM.exidx.text.I2C_Stop) refers to i2c.o(.text.I2C_Stop) for [Anonymous Symbol]
    i2c.o(.ARM.exidx.text.I2C_tx) refers to i2c.o(.text.I2C_tx) for [Anonymous Symbol]
    i2c.o(.ARM.exidx.text.I2C_rx) refers to i2c.o(.text.I2C_rx) for [Anonymous Symbol]
    i2c.o(.ARM.exidx.text.I2C_multitx) refers to i2c.o(.text.I2C_multitx) for [Anonymous Symbol]
    usartconfig.o(.ARM.exidx.text.usart1_config) refers to usartconfig.o(.text.usart1_config) for [Anonymous Symbol]
    usartconfig.o(.ARM.exidx.text.usart1_txChar) refers to usartconfig.o(.text.usart1_txChar) for [Anonymous Symbol]
    usartconfig.o(.text.usart2_txString) refers to usartconfig.o(.text.usart1_txChar) for usart1_txChar
    usartconfig.o(.ARM.exidx.text.usart2_txString) refers to usartconfig.o(.text.usart2_txString) for [Anonymous Symbol]
    usartconfig.o(.ARM.exidx.text.usart1_rxChar) refers to usartconfig.o(.text.usart1_rxChar) for [Anonymous Symbol]
    clib_os.o(.ARM.exidx.text._platform_post_stackheap_init) refers to clib_os.o(.text._platform_post_stackheap_init) for [Anonymous Symbol]
    clib_os.o(.text.__user_perthread_libspace) refers to clib_os.o(.text.os_kernel_is_active) for os_kernel_is_active
    clib_os.o(.text.__user_perthread_libspace) refers to clib_os.o(.bss.os_libspace) for os_libspace
    clib_os.o(.text.__user_perthread_libspace) refers to tasks.o(.text.xTaskGetCurrentTaskHandle) for xTaskGetCurrentTaskHandle
    clib_os.o(.text.__user_perthread_libspace) refers to clib_os.o(.bss.os_libspace_id) for os_libspace_id
    clib_os.o(.ARM.exidx.text.__user_perthread_libspace) refers to clib_os.o(.text.__user_perthread_libspace) for [Anonymous Symbol]
    clib_os.o(.text.os_kernel_is_active) refers to tasks.o(.text.xTaskGetSchedulerState) for xTaskGetSchedulerState
    clib_os.o(.ARM.exidx.text.os_kernel_is_active) refers to clib_os.o(.text.os_kernel_is_active) for [Anonymous Symbol]
    clib_os.o(.text._mutex_initialize) refers to clib_os.o(.bss.clib_mutex_id) for clib_mutex_id
    clib_os.o(.text._mutex_initialize) refers to clib_os.o(.bss.clib_mutex_cb) for clib_mutex_cb
    clib_os.o(.text._mutex_initialize) refers to queue.o(.text.xQueueCreateMutexStatic) for xQueueCreateMutexStatic
    clib_os.o(.text._mutex_initialize) refers to clib_os.o(.text.os_kernel_is_active) for os_kernel_is_active
    clib_os.o(.text._mutex_initialize) refers to queue.o(.text.xQueueCreateMutex) for xQueueCreateMutex
    clib_os.o(.ARM.exidx.text._mutex_initialize) refers to clib_os.o(.text._mutex_initialize) for [Anonymous Symbol]
    clib_os.o(.text._mutex_acquire) refers to clib_os.o(.text.os_kernel_is_active) for os_kernel_is_active
    clib_os.o(.text._mutex_acquire) refers to clib_os.o(.text.is_thread_mode) for is_thread_mode
    clib_os.o(.text._mutex_acquire) refers to queue.o(.text.xQueueSemaphoreTake) for xQueueSemaphoreTake
[...]
    Removing tasks.o(.ARM.exidx.text.uxTaskPriorityGet), (8 bytes).
    Removing tasks.o(.text.uxTaskPriorityGetFromISR), (122 bytes).
    Removing tasks.o(.ARM.exidx.text.uxTaskPriorityGetFromISR), (8 bytes).
    Removing tasks.o(.text.uxTaskBasePriorityGet), (88 bytes).
    Removing tasks.o(.ARM.exidx.text.uxTaskBasePriorityGet), (8 bytes).
    Removing tasks.o(.text.uxTaskBasePriorityGetFromISR), (122 bytes).
    Removing tasks.o(.ARM.exidx.text.uxTaskBasePriorityGetFromISR), (8 bytes).
    Removing tasks.o(.text.vTaskPrioritySet), (538 bytes).
    Removing tasks.o(.ARM.exidx.text.vTaskPrioritySet), (8 bytes).
    Removing tasks.o(.text.vTaskSuspend), (368 bytes).
    Removing tasks.o(.ARM.exidx.text.vTaskSuspend), (8 bytes).
    Removing tasks.o(.ARM.exidx.text.vTaskSwitchContext), (8 bytes).
    Removing tasks.o(.text.vTaskResume), (296 bytes).
    Removing tasks.o(.ARM.exidx.text.vTaskResume), (8 bytes).
    Removing tasks.o(.text.prvTaskIsTaskSuspended), (156 bytes).
    Removing tasks.o(.ARM.exidx.text.prvTaskIsTaskSuspended), (8 bytes).
    Removing tasks.o(.text.xTaskResumeFromISR), (332 bytes).
    Removing tasks.o(.ARM.exidx.text.xTaskResumeFromISR), (8 bytes).
    Removing tasks.o(.text.vTaskStartScheduler), (148 bytes).
    Removing tasks.o(.ARM.exidx.text.vTaskStartScheduler), (8 bytes).
    Removing tasks.o(.text.prvCreateIdleTasks), (216 bytes).
    Removing tasks.o(.ARM.exidx.text.prvCreateIdleTasks), (8 bytes).
    Removing tasks.o(.text.vTaskEndScheduler), (96 bytes).
    Removing tasks.o(.ARM.exidx.text.vTaskEndScheduler), (8 bytes).
    Removing tasks.o(.text.prvCheckTasksWaitingTermination), (90 bytes).
    Removing tasks.o(.ARM.exidx.text.prvCheckTasksWaitingTermination), (8 bytes).
    Removing tasks.o(.ARM.exidx.text.xTaskIncrementTick), (8 bytes).
    Removing tasks.o(.text.xTaskGetTickCount), (20 bytes).
    Removing tasks.o(.ARM.exidx.text.xTaskGetTickCount), (8 bytes).
    Removing tasks.o(.text.xTaskGetTickCountFromISR), (30 bytes).
    Removing tasks.o(.ARM.exidx.text.xTaskGetTickCountFromISR), (8 bytes).
    Removing tasks.o(.text.uxTaskGetNumberOfTasks), (12 bytes).
    Removing tasks.o(.ARM.exidx.text.uxTaskGetNumberOfTasks), (8 bytes).
    Removing tasks.o(.text.pcTaskGetName), (74 bytes).
    Removing tasks.o(.ARM.exidx.text.pcTaskGetName), (8 bytes).
    Removing tasks.o(.text.xTaskGetStaticBuffers), (212 bytes).
    Removing tasks.o(.ARM.exidx.text.xTaskGetStaticBuffers), (8 bytes).
    Removing tasks.o(.text.uxTaskGetSystemState), (282 bytes).
    Removing tasks.o(.ARM.exidx.text.uxTaskGetSystemState), (8 bytes).
    Removing tasks.o(.text.prvListTasksWithinSingleList), (106 bytes).
    Removing tasks.o(.ARM.exidx.text.prvListTasksWithinSingleList), (8 bytes).
    Removing tasks.o(.text.xTaskCatchUpTicks), (86 bytes).
    Removing tasks.o(.ARM.exidx.text.xTaskCatchUpTicks), (8 bytes).
    Removing tasks.o(.text.xTaskAbortDelay), (298 bytes).
    Removing tasks.o(.ARM.exidx.text.xTaskAbortDelay), (8 bytes).
    Removing tasks.o(.ARM.exidx.text.vTaskPlaceOnEventList), (8 bytes).
    Removing tasks.o(.text.vTaskPlaceOnUnorderedEventList), (176 bytes).
    Removing tasks.o(.ARM.exidx.text.vTaskPlaceOnUnorderedEventList), (8 bytes).
    Removing tasks.o(.text.vTaskPlaceOnEventListRestricted), (132 bytes).
    Removing tasks.o(.ARM.exidx.text.vTaskPlaceOnEventListRestricted), (8 bytes).
    Removing tasks.o(.ARM.exidx.text.xTaskRemoveFromEventList), (8 bytes).
    Removing tasks.o(.text.vTaskRemoveFromUnorderedEventList), (396 bytes).
    Removing tasks.o(.ARM.exidx.text.vTaskRemoveFromUnorderedEventList), (8 bytes).
    Removing tasks.o(.text.vTaskSetTimeOutState), (78 bytes).
    Removing tasks.o(.ARM.exidx.text.vTaskSetTimeOutState), (8 bytes).
    Removing tasks.o(.ARM.exidx.text.vTaskInternalSetTimeOutState), (8 bytes).
    Removing tasks.o(.ARM.exidx.text.xTaskCheckForTimeOut), (8 bytes).
    Removing tasks.o(.ARM.exidx.text.vTaskMissedYield), (8 bytes).
    Removing tasks.o(.text.uxTaskGetTaskNumber), (34 bytes).
    Removing tasks.o(.ARM.exidx.text.uxTaskGetTaskNumber), (8 bytes).
    Removing tasks.o(.text.vTaskSetTaskNumber), (28 bytes).
    Removing tasks.o(.ARM.exidx.text.vTaskSetTaskNumber), (8 bytes).
    Removing tasks.o(.text.vTaskGetInfo), (340 bytes).
    Removing tasks.o(.ARM.exidx.text.vTaskGetInfo), (8 bytes).
    Removing tasks.o(.text.prvTaskCheckFreeStackSpace), (46 bytes).
    Removing tasks.o(.ARM.exidx.text.prvTaskCheckFreeStackSpace), (8 bytes).
    Removing tasks.o(.text.uxTaskGetStackHighWaterMark), (88 bytes).
    Removing tasks.o(.ARM.exidx.text.uxTaskGetStackHighWaterMark), (8 bytes).
    Removing tasks.o(.text.xTaskGetCurrentTaskHandle), (20 bytes).
    Removing tasks.o(.ARM.exidx.text.xTaskGetCurrentTaskHandle), (8 bytes).
    Removing tasks.o(.text.xTaskGetCurrentTaskHandleForCore), (60 bytes).
    Removing tasks.o(.ARM.exidx.text.xTaskGetCurrentTaskHandleForCore), (8 bytes).
    Removing tasks.o(.ARM.exidx.text.xTaskGetSchedulerState), (8 bytes).
    Removing tasks.o(.ARM.exidx.text.xTaskPriorityInherit), (8 bytes).
    Removing tasks.o(.ARM.exidx.text.xTaskPriorityDisinherit), (8 bytes).
    Removing tasks.o(.ARM.exidx.text.vTaskPriorityDisinheritAfterTimeout), (8 bytes).
    Removing tasks.o(.text.uxTaskResetEventItemValue), (34 bytes).
    Removing tasks.o(.ARM.exidx.text.uxTaskResetEventItemValue), (8 bytes).
    Removing tasks.o(.ARM.exidx.text.pvTaskIncrementMutexHeldCount), (8 bytes).
    Removing tasks.o(.text.ulTaskGenericNotifyTake), (322 bytes).
    Removing tasks.o(.ARM.exidx.text.ulTaskGenericNotifyTake), (8 bytes).
    Removing tasks.o(.text.xTaskGenericNotifyWait), (354 bytes).
    Removing tasks.o(.ARM.exidx.text.xTaskGenericNotifyWait), (8 bytes).
    Removing tasks.o(.text.xTaskGenericNotify), (602 bytes).
    Removing tasks.o(.ARM.exidx.text.xTaskGenericNotify), (8 bytes).
    Removing tasks.o(.text.xTaskGenericNotifyFromISR), (716 bytes).
    Removing tasks.o(.ARM.exidx.text.xTaskGenericNotifyFromISR), (8 bytes).
    Removing tasks.o(.text.vTaskGenericNotifyGiveFromISR), (542 bytes).
    Removing tasks.o(.ARM.exidx.text.vTaskGenericNotifyGiveFromISR), (8 bytes).
    Removing tasks.o(.text.xTaskGenericNotifyStateClear), (156 bytes).
    Removing tasks.o(.ARM.exidx.text.xTaskGenericNotifyStateClear), (8 bytes).
    Removing tasks.o(.text.ulTaskGenericNotifyValueClear), (146 bytes).
    Removing tasks.o(.ARM.exidx.text.ulTaskGenericNotifyValueClear), (8 bytes).
    Removing tasks.o(.text.vApplicationGetIdleTaskMemory), (42 bytes).
    Removing tasks.o(.ARM.exidx.text.vApplicationGetIdleTaskMemory), (8 bytes).
    Removing tasks.o(.text.vApplicationGetTimerTaskMemory), (42 bytes).
    Removing tasks.o(.ARM.exidx.text.vApplicationGetTimerTaskMemory), (8 bytes).
    Removing tasks.o(.text.vTaskResetState), (160 bytes).
    Removing tasks.o(.ARM.exidx.text.vTaskResetState), (8 bytes).
    Removing tasks.o(.ARM.exidx.text.prvInitialiseNewTask), (8 bytes).
    Removing tasks.o(.ARM.exidx.text.prvInitialiseTaskLists), (8 bytes).
    Removing tasks.o(.text.prvIdleTask), (56 bytes).
    Removing tasks.o(.ARM.exidx.text.prvIdleTask), (8 bytes).
    Removing tasks.o(.bss.uxDeletedTasksWaitingCleanUp), (4 bytes).
    Removing tasks.o(.bss.xIdleTaskHandles), (4 bytes).
    Removing tasks.o(.rodata.uxTopUsedPriority), (4 bytes).
    Removing tasks.o(.bss.vApplicationGetIdleTaskMemory.xIdleTaskTCB), (92 bytes).
    Removing tasks.o(.bss.vApplicationGetIdleTaskMemory.uxIdleTaskStack), (512 bytes).
    Removing tasks.o(.bss.vApplicationGetTimerTaskMemory.xTimerTaskTCB), (92 bytes).
    Removing tasks.o(.bss.vApplicationGetTimerTaskMemory.uxTimerTaskStack), (512 bytes).
    Removing tasks.o(.rodata.str1.1), (5 bytes).
    Removing timers.o(.text), (0 bytes).
    Removing timers.o(.text.xTimerCreateTimerTask), (152 bytes).
    Removing timers.o(.ARM.exidx.text.xTimerCreateTimerTask), (8 bytes).
    Removing timers.o(.text.prvCheckForValidListAndQueue), (126 bytes).
    Removing timers.o(.ARM.exidx.text.prvCheckForValidListAndQueue), (8 bytes).
    Removing timers.o(.text.prvTimerTask), (30 bytes).
    Removing timers.o(.ARM.exidx.text.prvTimerTask), (8 bytes).
    Removing timers.o(.text.xTimerCreate), (74 bytes).
    Removing timers.o(.ARM.exidx.text.xTimerCreate), (8 bytes).
    Removing timers.o(.text.prvInitialiseNewTimer), (114 bytes).
    Removing timers.o(.ARM.exidx.text.prvInitialiseNewTimer), (8 bytes).
    Removing timers.o(.text.xTimerCreateStatic), (146 bytes).
    Removing timers.o(.ARM.exidx.text.xTimerCreateStatic), (8 bytes).
    Removing timers.o(.text.xTimerGenericCommandFromTask), (168 bytes).
    Removing timers.o(.ARM.exidx.text.xTimerGenericCommandFromTask), (8 bytes).
    Removing timers.o(.text.xTimerGenericCommandFromISR), (128 bytes).
    Removing timers.o(.ARM.exidx.text.xTimerGenericCommandFromISR), (8 bytes).
    Removing timers.o(.text.xTimerGetTimerDaemonTaskHandle), (56 bytes).
    Removing timers.o(.ARM.exidx.text.xTimerGetTimerDaemonTaskHandle), (8 bytes).
    Removing timers.o(.text.xTimerGetPeriod), (48 bytes).
    Removing timers.o(.ARM.exidx.text.xTimerGetPeriod), (8 bytes).
    Removing timers.o(.text.vTimerSetReloadMode), (94 bytes).
    Removing timers.o(.ARM.exidx.text.vTimerSetReloadMode), (8 bytes).
    Removing timers.o(.text.xTimerGetReloadMode), (82 bytes).
    Removing timers.o(.ARM.exidx.text.xTimerGetReloadMode), (8 bytes).
    Removing timers.o(.text.uxTimerGetReloadMode), (20 bytes).
    Removing timers.o(.ARM.exidx.text.uxTimerGetReloadMode), (8 bytes).
    Removing timers.o(.text.xTimerGetExpiryTime), (52 bytes).
    Removing timers.o(.ARM.exidx.text.xTimerGetExpiryTime), (8 bytes).
    Removing timers.o(.text.xTimerGetStaticBuffer), (80 bytes).
    Removing timers.o(.ARM.exidx.text.xTimerGetStaticBuffer), (8 bytes).
    Removing timers.o(.text.pcTimerGetName), (48 bytes).
    Removing timers.o(.ARM.exidx.text.pcTimerGetName), (8 bytes).
    Removing timers.o(.text.xTimerIsTimerActive), (80 bytes).
    Removing timers.o(.ARM.exidx.text.xTimerIsTimerActive), (8 bytes).
    Removing timers.o(.text.pvTimerGetTimerID), (62 bytes).
    Removing timers.o(.ARM.exidx.text.pvTimerGetTimerID), (8 bytes).
    Removing timers.o(.text.vTimerSetTimerID), (62 bytes).
    Removing timers.o(.ARM.exidx.text.vTimerSetTimerID), (8 bytes).
    Removing timers.o(.text.xTimerPendFunctionCallFromISR), (58 bytes).
    Removing timers.o(.ARM.exidx.text.xTimerPendFunctionCallFromISR), (8 bytes).
    Removing timers.o(.text.xTimerPendFunctionCall), (98 bytes).
    Removing timers.o(.ARM.exidx.text.xTimerPendFunctionCall), (8 bytes).
    Removing timers.o(.text.uxTimerGetTimerNumber), (12 bytes).
    Removing timers.o(.ARM.exidx.text.uxTimerGetTimerNumber), (8 bytes).
    Removing timers.o(.text.vTimerSetTimerNumber), (16 bytes).
    Removing timers.o(.ARM.exidx.text.vTimerSetTimerNumber), (8 bytes).
    Removing timers.o(.text.vTimerResetState), (24 bytes).
    Removing timers.o(.ARM.exidx.text.vTimerResetState), (8 bytes).
    Removing timers.o(.text.prvGetNextExpireTime), (64 bytes).
    Removing timers.o(.ARM.exidx.text.prvGetNextExpireTime), (8 bytes).
    Removing timers.o(.text.prvProcessTimerOrBlockTask), (154 bytes).
    Removing timers.o(.ARM.exidx.text.prvProcessTimerOrBlockTask), (8 bytes).
    Removing timers.o(.text.prvProcessReceivedCommands), (416 bytes).
    Removing timers.o(.ARM.exidx.text.prvProcessReceivedCommands), (8 bytes).
    Removing timers.o(.text.prvSampleTimeNow), (68 bytes).
    Removing timers.o(.ARM.exidx.text.prvSampleTimeNow), (8 bytes).
    Removing timers.o(.text.prvProcessExpiredTimer), (84 bytes).
    Removing timers.o(.ARM.exidx.text.prvProcessExpiredTimer), (8 bytes).
    Removing timers.o(.text.prvSwitchTimerLists), (82 bytes).
    Removing timers.o(.ARM.exidx.text.prvSwitchTimerLists), (8 bytes).
    Removing timers.o(.text.prvReloadTimer), (52 bytes).
    Removing timers.o(.ARM.exidx.text.prvReloadTimer), (8 bytes).
    Removing timers.o(.text.prvInsertTimerInActiveList), (134 bytes).
    Removing timers.o(.ARM.exidx.text.prvInsertTimerInActiveList), (8 bytes).
    Removing timers.o(.bss.xTimerQueue), (4 bytes).
    Removing timers.o(.rodata.str1.1), (8 bytes).
    Removing timers.o(.bss.xTimerTaskHandle), (4 bytes).
    Removing timers.o(.bss.pxCurrentTimerList), (4 bytes).
    Removing timers.o(.bss.pxOverflowTimerList), (4 bytes).
    Removing timers.o(.bss.prvSampleTimeNow.xLastTime), (4 bytes).
    Removing timers.o(.bss.xActiveTimerList1), (20 bytes).
    Removing timers.o(.bss.xActiveTimerList2), (20 bytes).
    Removing timers.o(.bss.prvCheckForValidListAndQueue.xStaticTimerQueue), (80 bytes).
    Removing timers.o(.bss.prvCheckForValidListAndQueue.ucStaticTimerQueueStorage), (80 bytes).

815 unused section(s) (total 43076 bytes) removed from the image.

==============================================================================

Image Symbol Table

    Local Symbols

    Symbol Name                              Value     Ov Type        Size  Object(Section)

    ../clib/angel/boardlib.s                 0x00000000   Number         0  boardinit1.o ABSOLUTE
    ../clib/angel/boardlib.s                 0x00000000   Number         0  boardinit3.o ABSOLUTE
    ../clib/angel/boardlib.s                 0x00000000   Number         0  boardshut.o ABSOLUTE
    ../clib/angel/handlers.s                 0x00000000   Number         0  __scatter_copy.o ABSOLUTE
    ../clib/angel/handlers.s                 0x00000000   Number         0  __scatter_zi.o ABSOLUTE
    ../clib/angel/kernel.s                   0x00000000   Number         0  __rtentry.o ABSOLUTE
    ../clib/angel/kernel.s                   0x00000000   Number         0  __rtentry2.o ABSOLUTE
    ../clib/angel/kernel.s                   0x00000000   Number         0  __rtentry4.o ABSOLUTE
    ../clib/angel/kernel.s                   0x00000000   Number         0  rtexit.o ABSOLUTE
    ../clib/angel/kernel.s                   0x00000000   Number         0  rtexit2.o ABSOLUTE
    ../clib/angel/rt.s                       0x00000000   Number         0  rt_raise.o ABSOLUTE
    ../clib/angel/scatter.s                  0x00000000   Number         0  __scatter.o ABSOLUTE
    ../clib/angel/startup.s                  0x00000000   Number         0  __main.o ABSOLUTE
    ../clib/angel/sys.s                      0x00000000   Number         0  sys_stackheap_outer.o ABSOLUTE
    ../clib/angel/sys.s                      0x00000000   Number         0  libspace.o ABSOLUTE
    ../clib/angel/sys.s                      0x00000000   Number         0  use_no_semi.o ABSOLUTE
    ../clib/angel/sys.s                      0x00000000   Number         0  indicate_semi.o ABSOLUTE
    ../clib/angel/sysapp.c                   0x00000000   Number         0  sys_exit.o ABSOLUTE
    ../clib/angel/sysapp.c                   0x00000000   Number         0  sys_exit_hlt.o ABSOLUTE
    ../clib/angel/sysapp.c                   0x00000000   Number         0  sys_command.o ABSOLUTE
    ../clib/angel/sysapp.c                   0x00000000   Number         0  sys_command_hlt.o ABSOLUTE
    ../clib/angel/sysapp.c                   0x00000000   Number         0  sys_wrch.o ABSOLUTE
    ../clib/angel/sysapp.c                   0x00000000   Number         0  sys_wrch_hlt.o ABSOLUTE
    ../clib/armsys.c                         0x00000000   Number         0  argv_veneer.o ABSOLUTE
    ../clib/armsys.c                         0x00000000   Number         0  argv_veneer.o ABSOLUTE
    ../clib/armsys.c                         0x00000000   Number         0  _get_argv_nomalloc.o ABSOLUTE
    ../clib/armsys.c                         0x00000000   Number         0  no_argv.o ABSOLUTE
    ../clib/heapalloc.c                      0x00000000   Number         0  hrguard.o ABSOLUTE
    ../clib/heapaux.c                        0x00000000   Number         0  heapauxi.o ABSOLUTE
    ../clib/libinit.s                        0x00000000   Number         0  libinit.o ABSOLUTE
    ../clib/libinit.s                        0x00000000   Number         0  libinit2.o ABSOLUTE
    ../clib/libinit.s                        0x00000000   Number         0  libshutdown.o ABSOLUTE
    ../clib/libinit.s                        0x00000000   Number         0  libshutdown2.o ABSOLUTE
    ../clib/memcpset.s                       0x00000000   Number         0  rt_memcpy_v6.o ABSOLUTE
    ../clib/memcpset.s                       0x00000000   Number         0  aeabi_memset4.o ABSOLUTE
    ../clib/memcpset.s                       0x00000000   Number         0  rt_memclr.o ABSOLUTE
    ../clib/memcpset.s                       0x00000000   Number         0  rt_memcpy_w.o ABSOLUTE
    ../clib/memcpset.s                       0x00000000   Number         0  rt_memclr_w.o ABSOLUTE
    ../clib/signal.c                         0x00000000   Number         0  defsig_rtmem_outer.o ABSOLUTE
    ../clib/signal.c                         0x00000000   Number         0  defsig_rtmem_formal.o ABSOLUTE
    ../clib/signal.c                         0x00000000   Number         0  defsig_exit.o ABSOLUTE
    ../clib/signal.c                         0x00000000   Number         0  defsig_rtmem_inner.o ABSOLUTE
    ../clib/signal.c                         0x00000000   Number         0  __raise.o ABSOLUTE
    ../clib/signal.c                         0x00000000   Number         0  defsig_general.o ABSOLUTE
    ../clib/signal.c                         0x00000000   Number         0  defsig_abrt_inner.o ABSOLUTE
    ../clib/signal.c                         0x00000000   Number         0  defsig_fpe_inner.o ABSOLUTE
    ../clib/signal.c                         0x00000000   Number         0  defsig_rtred_inner.o ABSOLUTE
    ../clib/signal.c                         0x00000000   Number         0  defsig_stak_inner.o ABSOLUTE
    ../clib/signal.c                         0x00000000   Number         0  defsig_pvfn_inner.o ABSOLUTE
    ../clib/signal.c                         0x00000000   Number         0  defsig_cppl_inner.o ABSOLUTE
    ../clib/signal.c                         0x00000000   Number         0  defsig_segv_inner.o ABSOLUTE
    ../clib/signal.c                         0x00000000   Number         0  defsig_other.o ABSOLUTE
    ../clib/signal.s                         0x00000000   Number         0  defsig.o ABSOLUTE
    ../clib/stdlib.c                         0x00000000   Number         0  exit.o ABSOLUTE
    ../fplib/fpinit.s                        0x00000000   Number         0  fpinit.o ABSOLUTE
    ../fplib/fpinit_empty.s                  0x00000000   Number         0  fpinit_empty.o ABSOLUTE
    GPIO_STM32F10x.c                         0x00000000   Number         0  gpio_stm32f10x.o ABSOLUTE
    RTE/Device/STM32F103C8/startup_stm32f10x_md.s 0x00000000   Number         0  startup_stm32f10x_md.o ABSOLUTE
    clib_os.c                                0x00000000   Number         0  clib_os.o ABSOLUTE
    cmsis_os2.c                              0x00000000   Number         0  cmsis_os2.o ABSOLUTE
    dc.s                                     0x00000000   Number         0  dc.o ABSOLUTE
    delay_f103.c                             0x00000000   Number         0  delay_f103.o ABSOLUTE
    event_groups.c                           0x00000000   Number         0  event_groups.o ABSOLUTE
    freertos_evr.c                           0x00000000   Number         0  freertos_evr.o ABSOLUTE
    heap_4.c                                 0x00000000   Number         0  heap_4.o ABSOLUTE
    i2c.c                                    0x00000000   Number         0  i2c.o ABSOLUTE
    list.c                                   0x00000000   Number         0  list.o ABSOLUTE
    main.c                                   0x00000000   Number         0  main.o ABSOLUTE
    misc.c                                   0x00000000   Number         0  misc.o ABSOLUTE
    os_systick.c                             0x00000000   Number         0  os_systick.o ABSOLUTE
    port.c                                   0x00000000   Number         0  port.o ABSOLUTE
    queue.c                                  0x00000000   Number         0  queue.o ABSOLUTE
    stm32f10x_gpio.c                         0x00000000   Number         0  stm32f10x_gpio.o ABSOLUTE
    stm32f10x_rcc.c                          0x00000000   Number         0  stm32f10x_rcc.o ABSOLUTE
    stm32f10x_spi.c                          0x00000000   Number         0  stm32f10x_spi.o ABSOLUTE
    stm32f10x_usart.c                        0x00000000   Number         0  stm32f10x_usart.o ABSOLUTE
    system_stm32f10x.c                       0x00000000   Number         0  system_stm32f10x.o ABSOLUTE
    tasks.c                                  0x00000000   Number         0  tasks.o ABSOLUTE
    timers.c                                 0x00000000   Number         0  timers.o ABSOLUTE
    usartconfig.c                            0x00000000   Number         0  usartconfig.o ABSOLUTE
    RESET                                    0x08000000   Section      236  startup_stm32f10x_md.o(RESET)
    !!!main                                  0x080000ec   Section        8  __main.o(!!!main)
    !!!scatter                               0x080000f4   Section       92  __scatter.o(!!!scatter)
    !!handler_copy                           0x08000150   Section       26  __scatter_copy.o(!!handler_copy)
    !!handler_null                           0x0800016c   Section        2  __scatter.o(!!handler_null)
    !!handler_zi                             0x08000170   Section       28  __scatter_zi.o(!!handler_zi)
    .ARM.Collect$$libinit$$00000000          0x0800018c   Section        2  libinit.o(.ARM.Collect$$libinit$$00000000)
    .ARM.Collect$$libinit$$00000002          0x0800018e   Section        0  libinit2.o(.ARM.Collect$$libinit$$00000002)
    .ARM.Collect$$libinit$$00000004          0x0800018e   Section        0  libinit2.o(.ARM.Collect$$libinit$$00000004)
    .ARM.Collect$$libinit$$00000006          0x0800018e   Section        0  libinit2.o(.ARM.Collect$$libinit$$00000006)
    .ARM.Collect$$libinit$$0000000C          0x0800018e   Section        0  libinit2.o(.ARM.Collect$$libinit$$0000000C)
    .ARM.Collect$$libinit$$0000000E          0x0800018e   Section        0  libinit2.o(.ARM.Collect$$libinit$$0000000E)
    .ARM.Collect$$libinit$$00000010          0x0800018e   Section        0  libinit2.o(.ARM.Collect$$libinit$$00000010)
    .ARM.Collect$$libinit$$00000013          0x0800018e   Section        0  libinit2.o(.ARM.Collect$$libinit$$00000013)
    .ARM.Collect$$libinit$$00000015          0x0800018e   Section        0  libinit2.o(.ARM.Collect$$libinit$$00000015)
    .ARM.Collect$$libinit$$00000017          0x0800018e   Section        0  libinit2.o(.ARM.Collect$$libinit$$00000017)
    .ARM.Collect$$libinit$$00000019          0x0800018e   Section        0  libinit2.o(.ARM.Collect$$libinit$$00000019)
    .ARM.Collect$$libinit$$0000001B          0x0800018e   Section        0  libinit2.o(.ARM.Collect$$libinit$$0000001B)
    .ARM.Collect$$libinit$$0000001D          0x0800018e   Section        0  libinit2.o(.ARM.Collect$$libinit$$0000001D)
    .ARM.Collect$$libinit$$0000001F          0x0800018e   Section        0  libinit2.o(.ARM.Collect$$libinit$$0000001F)
    .ARM.Collect$$libinit$$00000021          0x0800018e   Section        0  libinit2.o(.ARM.Collect$$libinit$$00000021)
    .ARM.Collect$$libinit$$00000023          0x0800018e   Section        0  libinit2.o(.ARM.Collect$$libinit$$00000023)
    .ARM.Collect$$libinit$$00000025          0x0800018e   Section        0  libinit2.o(.ARM.Collect$$libinit$$00000025)
    .ARM.Collect$$libinit$$00000027          0x0800018e   Section        0  libinit2.o(.ARM.Collect$$libinit$$00000027)
    .ARM.Collect$$libinit$$0000002E          0x0800018e   Section        0  libinit2.o(.ARM.Collect$$libinit$$0000002E)
    .ARM.Collect$$libinit$$00000030          0x0800018e   Section        0  libinit2.o(.ARM.Collect$$libinit$$00000030)
    .ARM.Collect$$libinit$$00000032          0x0800018e   Section        0  libinit2.o(.ARM.Collect$$libinit$$00000032)
    .ARM.Collect$$libinit$$00000034          0x0800018e   Section        0  libinit2.o(.ARM.Collect$$libinit$$00000034)
    .ARM.Collect$$libinit$$00000035          0x0800018e   Section        2  libinit2.o(.ARM.Collect$$libinit$$00000035)
    .ARM.Collect$$libshutdown$$00000000      0x08000190   Section        2  libshutdown.o(.ARM.Collect$$libshutdown$$00000000)
    .ARM.Collect$$libshutdown$$00000002      0x08000192   Section        0  libshutdown2.o(.ARM.Collect$$libshutdown$$00000002)
    .ARM.Collect$$libshutdown$$00000004      0x08000192   Section        0  libshutdown2.o(.ARM.Collect$$libshutdown$$00000004)
    .ARM.Collect$$libshutdown$$00000007      0x08000192   Section        0  libshutdown2.o(.ARM.Collect$$libshutdown$$00000007)
    .ARM.Collect$$libshutdown$$0000000A      0x08000192   Section        0  libshutdown2.o(.ARM.Collect$$libshutdown$$0000000A)
    .ARM.Collect$$libshutdown$$0000000C      0x08000192   Section        0  libshutdown2.o(.ARM.Collect$$libshutdown$$0000000C)
    .ARM.Collect$$libshutdown$$0000000F      0x08000192   Section        0  libshutdown2.o(.ARM.Collect$$libshutdown$$0000000F)
    .ARM.Collect$$libshutdown$$00000010      0x08000192   Section        2  libshutdown2.o(.ARM.Collect$$libshutdown$$00000010)
    .ARM.Collect$$rtentry$$00000000          0x08000194   Section        0  __rtentry.o(.ARM.Collect$$rtentry$$00000000)
    .ARM.Collect$$rtentry$$00000002          0x08000194   Section        0  __rtentry2.o(.ARM.Collect$$rtentry$$00000002)
    .ARM.Collect$$rtentry$$00000004          0x08000194   Section        6  __rtentry4.o(.ARM.Collect$$rtentry$$00000004)
    .ARM.Collect$$rtentry$$00000008          0x0800019a   Section        8  __rtentry2.o(.ARM.Collect$$rtentry$$00000008)
    .ARM.Collect$$rtentry$$0000000A          0x080001a2   Section        4  __rtentry2.o(.ARM.Collect$$rtentry$$0000000A)
    .ARM.Collect$$rtentry$$0000000C          0x080001a6   Section        0  __rtentry2.o(.ARM.Collect$$rtentry$$0000000C)
    .ARM.Collect$$rtentry$$0000000D          0x080001a6   Section        8  __rtentry2.o(.ARM.Collect$$rtentry$$0000000D)
    .ARM.Collect$$rtexit$$00000000           0x080001ae   Section        2  rtexit.o(.ARM.Collect$$rtexit$$00000000)
    .ARM.Collect$$rtexit$$00000002           0x080001b0   Section        0  rtexit2.o(.ARM.Collect$$rtexit$$00000002)
    .ARM.Collect$$rtexit$$00000003           0x080001b0   Section        4  rtexit2.o(.ARM.Collect$$rtexit$$00000003)
    .ARM.Collect$$rtexit$$00000004           0x080001b4   Section        6  rtexit2.o(.ARM.Collect$$rtexit$$00000004)
    .text                                    0x080001bc   Section       64  startup_stm32f10x_md.o(.text)
    .text                                    0x080001fc   Section      138  rt_memcpy_v6.o(.text)
    .text                                    0x08000286   Section       16  aeabi_memset4.o(.text)
    .text                                    0x08000296   Section       68  rt_memclr.o(.text)
    .text                                    0x080002da   Section        0  heapauxi.o(.text)
    .text                                    0x080002e0   Section      100  rt_memcpy_w.o(.text)
    .text                                    0x08000344   Section       78  rt_memclr_w.o(.text)
    .text                                    0x08000392   Section       74  sys_stackheap_outer.o(.text)
    .text                                    0x080003dc   Section        0  exit.o(.text)
    .text                                    0x080003f0   Section        8  libspace.o(.text)
    .text                                    0x080003f8   Section        0  sys_exit.o(.text)
    .text                                    0x08000404   Section        2  use_no_semi.o(.text)
    .text                                    0x08000406   Section        0  indicate_semi.o(.text)
    [Anonymous Symbol]                       0x08000408   Section        0  stm32f10x_gpio.o(.text.GPIO_Init)
    [Anonymous Symbol]                       0x08000590   Section        0  stm32f10x_gpio.o(.text.GPIO_WriteBit)
    [Anonymous Symbol]                       0x080005bc   Section        0  port.o(.text.PendSV_Handler)
    [Anonymous Symbol]                       0x08000600   Section        0  port.o(.text.SVC_Handler)
    SetSysClock                              0x08000625   Thumb Code     8  system_stm32f10x.o(.text.SetSysClock)
    [Anonymous Symbol]                       0x08000624   Section        0  system_stm32f10x.o(.text.SetSysClock)
    SetSysClockTo72                          0x0800062d   Thumb Code   290  system_stm32f10x.o(.text.SetSysClockTo72)
    [Anonymous Symbol]                       0x0800062c   Section        0  system_stm32f10x.o(.text.SetSysClockTo72)
    [Anonymous Symbol]                       0x08000750   Section        0  cmsis_os2.o(.text.SysTick_Handler)
    [Anonymous Symbol]                       0x08000770   Section        0  system_stm32f10x.o(.text.SystemInit)
    [Anonymous Symbol]                       0x080007d8   Section        0  delay_f103.o(.text.TIM2_Config)
    __tagsym$$used.1                         0x08000828   Number         0  clib_os.o(.text._mutex_acquire)
    [Anonymous Symbol]                       0x08000828   Section        0  clib_os.o(.text._mutex_acquire)
    __tagsym$$used.3                         0x08000850   Number         0  clib_os.o(.text._mutex_free)
    [Anonymous Symbol]                       0x08000850   Section        0  clib_os.o(.text._mutex_free)
    __tagsym$$used.0                         0x080008a4   Number         0  clib_os.o(.text._mutex_initialize)
    [Anonymous Symbol]                       0x080008a4   Section        0  clib_os.o(.text._mutex_initialize)
    __tagsym$$used.2                         0x0800094c   Number         0  clib_os.o(.text._mutex_release)
    [Anonymous Symbol]                       0x0800094c   Section        0  clib_os.o(.text._mutex_release)
    [Anonymous Symbol]                       0x08000978   Section        0  clib_os.o(.text._platform_post_stackheap_init)
    [Anonymous Symbol]                       0x0800097c   Section        0  delay_f103.o(.text.delay_ms)
    [Anonymous Symbol]                       0x080009b4   Section        0  delay_f103.o(.text.delay_us)
    [Anonymous Symbol]                       0x080009e0   Section        0  main.o(.text.gpio_Config)
    is_thread_mode                           0x08000a7d   Thumb Code    32  clib_os.o(.text.is_thread_mode)
    [Anonymous Symbol]                       0x08000a7c   Section        0  clib_os.o(.text.is_thread_mode)
    [Anonymous Symbol]                       0x08000a9c   Section        0  main.o(.text.ledControlTask)
    [Anonymous Symbol]                       0x08000aec   Section        0  main.o(.text.main)
    os_kernel_is_active                      0x08000b45   Thumb Code    32  clib_os.o(.text.os_kernel_is_active)
    [Anonymous Symbol]                       0x08000b44   Section        0  clib_os.o(.text.os_kernel_is_active)
    prvAddCurrentTaskToDelayedList           0x08000b65   Thumb Code   270  tasks.o(.text.prvAddCurrentTaskToDelayedList)
    [Anonymous Symbol]                       0x08000b64   Section        0  tasks.o(.text.prvAddCurrentTaskToDelayedList)
    prvAddNewTaskToReadyList                 0x08000c75   Thumb Code   368  tasks.o(.text.prvAddNewTaskToReadyList)
    [Anonymous Symbol]                       0x08000c74   Section        0  tasks.o(.text.prvAddNewTaskToReadyList)
    prvCopyDataToQueue                       0x08000de5   Thumb Code   204  queue.o(.text.prvCopyDataToQueue)
    [Anonymous Symbol]                       0x08000de4   Section        0  queue.o(.text.prvCopyDataToQueue)
    prvCreateTask                            0x08000eb1   Thumb Code   142  tasks.o(.text.prvCreateTask)
    [Anonymous Symbol]                       0x08000eb0   Section        0  tasks.o(.text.prvCreateTask)
    prvGetHighestPriorityOfWaitToReceiveList 0x08000f41   Thumb Code    38  queue.o(.text.prvGetHighestPriorityOfWaitToReceiveList)
    [Anonymous Symbol]                       0x08000f40   Section        0  queue.o(.text.prvGetHighestPriorityOfWaitToReceiveList)
    prvHeapInit                              0x08000f69   Thumb Code   170  heap_4.o(.text.prvHeapInit)
    [Anonymous Symbol]                       0x08000f68   Section        0  heap_4.o(.text.prvHeapInit)
    prvInitialiseMutex                       0x08001015   Thumb Code    44  queue.o(.text.prvInitialiseMutex)
    [Anonymous Symbol]                       0x08001014   Section        0  queue.o(.text.prvInitialiseMutex)
    prvInitialiseNewQueue                    0x08001041   Thumb Code    72  queue.o(.text.prvInitialiseNewQueue)
    [Anonymous Symbol]                       0x08001040   Section        0  queue.o(.text.prvInitialiseNewQueue)
    prvInitialiseNewTask                     0x08001089   Thumb Code   344  tasks.o(.text.prvInitialiseNewTask)
    [Anonymous Symbol]                       0x08001088   Section        0  tasks.o(.text.prvInitialiseNewTask)
    prvInitialiseTaskLists                   0x080011e1   Thumb Code   142  tasks.o(.text.prvInitialiseTaskLists)
    [Anonymous Symbol]                       0x080011e0   Section        0  tasks.o(.text.prvInitialiseTaskLists)
    prvInsertBlockIntoFreeList               0x08001271   Thumb Code   298  heap_4.o(.text.prvInsertBlockIntoFreeList)
    [Anonymous Symbol]                       0x08001270   Section        0  heap_4.o(.text.prvInsertBlockIntoFreeList)
    prvIsQueueEmpty                          0x0800139d   Thumb Code    40  queue.o(.text.prvIsQueueEmpty)
    [Anonymous Symbol]                       0x0800139c   Section        0  queue.o(.text.prvIsQueueEmpty)
    prvIsQueueFull                           0x080013c5   Thumb Code    46  queue.o(.text.prvIsQueueFull)
    [Anonymous Symbol]                       0x080013c4   Section        0  queue.o(.text.prvIsQueueFull)
    prvResetNextTaskUnblockTime              0x080013f5   Thumb Code    60  tasks.o(.text.prvResetNextTaskUnblockTime)
    [Anonymous Symbol]                       0x080013f4   Section        0  tasks.o(.text.prvResetNextTaskUnblockTime)
    prvTaskExitError                         0x08001431   Thumb Code    80  port.o(.text.prvTaskExitError)
    [Anonymous Symbol]                       0x08001430   Section        0  port.o(.text.prvTaskExitError)
    prvUnlockQueue                           0x08001481   Thumb Code   174  queue.o(.text.prvUnlockQueue)
    [Anonymous Symbol]                       0x08001480   Section        0  queue.o(.text.prvUnlockQueue)
    [Anonymous Symbol]                       0x08001530   Section        0  heap_4.o(.text.pvPortMalloc)
    [Anonymous Symbol]                       0x08001854   Section        0  tasks.o(.text.pvTaskIncrementMutexHeldCount)
    [Anonymous Symbol]                       0x08001878   Section        0  port.o(.text.pxPortInitialiseStack)
    [Anonymous Symbol]                       0x080018c8   Section        0  list.o(.text.uxListRemove)
    [Anonymous Symbol]                       0x08001910   Section        0  cmsis_os2.o(.text.vApplicationStackOverflowHook)
    [Anonymous Symbol]                       0x08001930   Section        0  list.o(.text.vListInitialise)
    [Anonymous Symbol]                       0x08001960   Section        0  list.o(.text.vListInitialiseItem)
    [Anonymous Symbol]                       0x08001970   Section        0  list.o(.text.vListInsert)
    [Anonymous Symbol]                       0x080019dc   Section        0  port.o(.text.vPortEnterCritical)
    [Anonymous Symbol]                       0x08001a38   Section        0  port.o(.text.vPortExitCritical)
    [Anonymous Symbol]                       0x08001a88   Section        0  heap_4.o(.text.vPortFree)
    [Anonymous Symbol]                       0x08001ba0   Section        0  queue.o(.text.vQueueDelete)
    [Anonymous Symbol]                       0x08001be4   Section        0  tasks.o(.text.vTaskInternalSetTimeOutState)
    [Anonymous Symbol]                       0x08001c08   Section        0  tasks.o(.text.vTaskMissedYield)
    [Anonymous Symbol]                       0x08001c18   Section        0  tasks.o(.text.vTaskPlaceOnEventList)
    [Anonymous Symbol]                       0x08001c60   Section        0  tasks.o(.text.vTaskPriorityDisinheritAfterTimeout)
    [Anonymous Symbol]                       0x08001dec   Section        0  tasks.o(.text.vTaskSuspendAll)
    __tagsym$$used.0                         0x08001dfc   Number         0  tasks.o(.text.vTaskSwitchContext)
    [Anonymous Symbol]                       0x08001dfc   Section        0  tasks.o(.text.vTaskSwitchContext)
    [Anonymous Symbol]                       0x08001f48   Section        0  port.o(.text.xPortSysTickHandler)
    [Anonymous Symbol]                       0x08001f88   Section        0  queue.o(.text.xQueueCreateMutex)
    [Anonymous Symbol]                       0x08001fb0   Section        0  queue.o(.text.xQueueCreateMutexStatic)
    [Anonymous Symbol]                       0x08001fe4   Section        0  queue.o(.text.xQueueGenericCreate)
    [Anonymous Symbol]                       0x0800208c   Section        0  queue.o(.text.xQueueGenericCreateStatic)
    [Anonymous Symbol]                       0x08002160   Section        0  queue.o(.text.xQueueGenericReset)
    [Anonymous Symbol]                       0x08002270   Section        0  queue.o(.text.xQueueGenericSend)
    [Anonymous Symbol]                       0x080024ac   Section        0  queue.o(.text.xQueueSemaphoreTake)
    [Anonymous Symbol]                       0x080026c8   Section        0  tasks.o(.text.xTaskCheckForTimeOut)
    [Anonymous Symbol]                       0x080027cc   Section        0  tasks.o(.text.xTaskCreate)
    [Anonymous Symbol]                       0x08002820   Section        0  tasks.o(.text.xTaskGetSchedulerState)
    [Anonymous Symbol]                       0x08002858   Section        0  tasks.o(.text.xTaskIncrementTick)
    [Anonymous Symbol]                       0x08002ae0   Section        0  tasks.o(.text.xTaskPriorityDisinherit)
    [Anonymous Symbol]                       0x08002c24   Section        0  tasks.o(.text.xTaskPriorityInherit)
    [Anonymous Symbol]                       0x08002d80   Section        0  tasks.o(.text.xTaskRemoveFromEventList)
    [Anonymous Symbol]                       0x08002f34   Section        0  tasks.o(.text.xTaskResumeAll)
    .L.str                                   0x0800318e   Data           9  main.o(.rodata.str1.1)
    [Anonymous Symbol]                       0x0800318e   Section        0  main.o(.rodata.str1.1)
    uxCriticalNesting                        0x20000004   Data           4  port.o(.data.uxCriticalNesting)
    [Anonymous Symbol]                       0x20000004   Section        0  port.o(.data.uxCriticalNesting)
    .bss                                     0x20000008   Section       96  libspace.o(.bss)
    clib_mutex_cb                            0x20000068   Data         400  clib_os.o(.bss.clib_mutex_cb)
    [Anonymous Symbol]                       0x20000068   Section        0  clib_os.o(.bss.clib_mutex_cb)
    clib_mutex_id                            0x200001f8   Data          20  clib_os.o(.bss.clib_mutex_id)
    [Anonymous Symbol]                       0x200001f8   Section        0  clib_os.o(.bss.clib_mutex_id)
    __tagsym$$used.1                         0x2000020c   Number         0  tasks.o(.bss.pxCurrentTCB)
    pxDelayedTaskList                        0x20000210   Data           4  tasks.o(.bss.pxDelayedTaskList)
    [Anonymous Symbol]                       0x20000210   Section        0  tasks.o(.bss.pxDelayedTaskList)
    pxEnd                                    0x20000214   Data           4  heap_4.o(.bss.pxEnd)
    [Anonymous Symbol]                       0x20000214   Section        0  heap_4.o(.bss.pxEnd)
    pxOverflowDelayedTaskList                0x20000218   Data           4  tasks.o(.bss.pxOverflowDelayedTaskList)
    [Anonymous Symbol]                       0x20000218   Section        0  tasks.o(.bss.pxOverflowDelayedTaskList)
    pxReadyTasksLists                        0x2000021c   Data        1120  tasks.o(.bss.pxReadyTasksLists)
    [Anonymous Symbol]                       0x2000021c   Section        0  tasks.o(.bss.pxReadyTasksLists)
    ucHeap                                   0x2000067c   Data        8192  heap_4.o(.bss.ucHeap)
    [Anonymous Symbol]                       0x2000067c   Section        0  heap_4.o(.bss.ucHeap)
    uxCurrentNumberOfTasks                   0x2000267c   Data           4  tasks.o(.bss.uxCurrentNumberOfTasks)
    [Anonymous Symbol]                       0x2000267c   Section        0  tasks.o(.bss.uxCurrentNumberOfTasks)
    uxSchedulerSuspended                     0x20002680   Data           4  tasks.o(.bss.uxSchedulerSuspended)
    [Anonymous Symbol]                       0x20002680   Section        0  tasks.o(.bss.uxSchedulerSuspended)
    uxTaskNumber                             0x20002684   Data           4  tasks.o(.bss.uxTaskNumber)
    [Anonymous Symbol]                       0x20002684   Section        0  tasks.o(.bss.uxTaskNumber)
    uxTopReadyPriority                       0x20002688   Data           4  tasks.o(.bss.uxTopReadyPriority)
    [Anonymous Symbol]                       0x20002688   Section        0  tasks.o(.bss.uxTopReadyPriority)
    xDelayedTaskList1                        0x2000268c   Data          20  tasks.o(.bss.xDelayedTaskList1)
    [Anonymous Symbol]                       0x2000268c   Section        0  tasks.o(.bss.xDelayedTaskList1)
    xDelayedTaskList2                        0x200026a0   Data          20  tasks.o(.bss.xDelayedTaskList2)
    [Anonymous Symbol]                       0x200026a0   Section        0  tasks.o(.bss.xDelayedTaskList2)
    xFreeBytesRemaining                      0x200026b4   Data           4  heap_4.o(.bss.xFreeBytesRemaining)
    [Anonymous Symbol]                       0x200026b4   Section        0  heap_4.o(.bss.xFreeBytesRemaining)
    xMinimumEverFreeBytesRemaining           0x200026b8   Data           4  heap_4.o(.bss.xMinimumEverFreeBytesRemaining)
    [Anonymous Symbol]                       0x200026b8   Section        0  heap_4.o(.bss.xMinimumEverFreeBytesRemaining)
    xNextTaskUnblockTime                     0x200026bc   Data           4  tasks.o(.bss.xNextTaskUnblockTime)
    [Anonymous Symbol]                       0x200026bc   Section        0  tasks.o(.bss.xNextTaskUnblockTime)
    xNumOfOverflows                          0x200026c0   Data           4  tasks.o(.bss.xNumOfOverflows)
    [Anonymous Symbol]                       0x200026c0   Section        0  tasks.o(.bss.xNumOfOverflows)
    xNumberOfSuccessfulAllocations           0x200026c4   Data           4  heap_4.o(.bss.xNumberOfSuccessfulAllocations)
    [Anonymous Symbol]                       0x200026c4   Section        0  heap_4.o(.bss.xNumberOfSuccessfulAllocations)
    xNumberOfSuccessfulFrees                 0x200026c8   Data           4  heap_4.o(.bss.xNumberOfSuccessfulFrees)
    [Anonymous Symbol]                       0x200026c8   Section        0  heap_4.o(.bss.xNumberOfSuccessfulFrees)
    xPendedTicks                             0x200026cc   Data           4  tasks.o(.bss.xPendedTicks)
    [Anonymous Symbol]                       0x200026cc   Section        0  tasks.o(.bss.xPendedTicks)
    xPendingReadyList                        0x200026d0   Data          20  tasks.o(.bss.xPendingReadyList)
    [Anonymous Symbol]                       0x200026d0   Section        0  tasks.o(.bss.xPendingReadyList)
    xSchedulerRunning                        0x200026e4   Data           4  tasks.o(.bss.xSchedulerRunning)
    [Anonymous Symbol]                       0x200026e4   Section        0  tasks.o(.bss.xSchedulerRunning)
    xStart                                   0x200026e8   Data           8  heap_4.o(.bss.xStart)
    [Anonymous Symbol]                       0x200026e8   Section        0  heap_4.o(.bss.xStart)
    xSuspendedTaskList                       0x200026f0   Data          20  tasks.o(.bss.xSuspendedTaskList)
    [Anonymous Symbol]                       0x200026f0   Section        0  tasks.o(.bss.xSuspendedTaskList)
    xTasksWaitingTermination                 0x20002704   Data          20  tasks.o(.bss.xTasksWaitingTermination)
    [Anonymous Symbol]                       0x20002704   Section        0  tasks.o(.bss.xTasksWaitingTermination)
    xTickCount                               0x20002718   Data           4  tasks.o(.bss.xTickCount)
    [Anonymous Symbol]                       0x20002718   Section        0  tasks.o(.bss.xTickCount)
    xYieldPendings                           0x2000271c   Data           4  tasks.o(.bss.xYieldPendings)
    [Anonymous Symbol]                       0x2000271c   Section        0  tasks.o(.bss.xYieldPendings)
    Heap_Mem                                 0x20002720   Data         512  startup_stm32f10x_md.o(HEAP)
    HEAP                                     0x20002720   Section      512  startup_stm32f10x_md.o(HEAP)
    Stack_Mem                                0x20002920   Data        1024  startup_stm32f10x_md.o(STACK)
    STACK                                    0x20002920   Section     1024  startup_stm32f10x_md.o(STACK)
    __initial_sp                             0x20002d20   Data           0  startup_stm32f10x_md.o(STACK)

    Global Symbols

    Symbol Name                              Value     Ov Type        Size  Object(Section)

    BuildAttributes$$THM_ISAv4$P$D$K$B$S$PE$A:L22UL41UL21$X:L11$S22US41US21$IEEE1$IW$~IW$USESV6$~STKCKD$USESV7$~SHL$OSPACE$ROPI$EBA8$UX$STANDARDLIB$REQ8$PRES8$EABIv2 0x00000000   Number         0  anon$$obj.o ABSOLUTE
    __fp_init_empty                          0x00000000   Number         0  fpinit_empty.o ABSOLUTE
    __ARM_exceptions_init                     - Undefined Weak Reference
    __alloca_initialize                       - Undefined Weak Reference
    __arm_preinit_                            - Undefined Weak Reference
    __arm_relocate_pie_                       - Undefined Weak Reference
    __cpp_initialize__aeabi_                  - Undefined Weak Reference
    __cxa_finalize                            - Undefined Weak Reference
    __rt_locale                               - Undefined Weak Reference
    __sigvec_lookup                           - Undefined Weak Reference
    _atexit_init                              - Undefined Weak Reference
    _call_atexit_fns                          - Undefined Weak Reference
    _clock_init                               - Undefined Weak Reference
    _fp_trap_init                             - Undefined Weak Reference
    _fp_trap_shutdown                         - Undefined Weak Reference
    _get_lc_collate                           - Undefined Weak Reference
    _get_lc_ctype                             - Undefined Weak Reference
    _get_lc_monetary                          - Undefined Weak Reference
    _get_lc_numeric                           - Undefined Weak Reference
    _get_lc_time                              - Undefined Weak Reference
    _getenv_init                              - Undefined Weak Reference
    _handle_redirection                       - Undefined Weak Reference
    _init_alloc                               - Undefined Weak Reference
    _init_user_alloc                          - Undefined Weak Reference
    _initio                                   - Undefined Weak Reference
    _rand_init                                - Undefined Weak Reference
    _signal_finish                            - Undefined Weak Reference
    _signal_init                              - Undefined Weak Reference
    _terminate_alloc                          - Undefined Weak Reference
    _terminate_user_alloc                     - Undefined Weak Reference
    _terminateio                              - Undefined Weak Reference
    __Vectors_Size                           0x000000ec   Number         0  startup_stm32f10x_md.o ABSOLUTE
    __Vectors                                0x08000000   Data           4  startup_stm32f10x_md.o(RESET)
    __Vectors_End                            0x080000ec   Data           0  startup_stm32f10x_md.o(RESET)
    __main                                   0x080000ed   Thumb Code     8  __main.o(!!!main)
    __scatterload                            0x080000f5   Thumb Code     0  __scatter.o(!!!scatter)
    __scatterload_rt2                        0x080000f5   Thumb Code    84  __scatter.o(!!!scatter)
    __scatterload_rt2_thumb_only             0x080000f5   Thumb Code     0  __scatter.o(!!!scatter)
    __scatterload_loop                       0x080000ff   Thumb Code     0  __scatter.o(!!!scatter)
    __scatterload_copy                       0x08000151   Thumb Code    26  __scatter_copy.o(!!handler_copy)
    __scatterload_null                       0x0800016d   Thumb Code     2  __scatter.o(!!handler_null)
    __scatterload_zeroinit                   0x08000171   Thumb Code    28  __scatter_zi.o(!!handler_zi)
    __rt_lib_init                            0x0800018d   Thumb Code     0  libinit.o(.ARM.Collect$$libinit$$00000000)
    __rt_lib_init_alloca_1                   0x0800018f   Thumb Code     0  libinit2.o(.ARM.Collect$$libinit$$00000030)
    __rt_lib_init_argv_1                     0x0800018f   Thumb Code     0  libinit2.o(.ARM.Collect$$libinit$$0000002E)
    __rt_lib_init_atexit_1                   0x0800018f   Thumb Code     0  libinit2.o(.ARM.Collect$$libinit$$0000001D)
    __rt_lib_init_clock_1                    0x0800018f   Thumb Code     0  libinit2.o(.ARM.Collect$$libinit$$00000023)
    __rt_lib_init_cpp_1                      0x0800018f   Thumb Code     0  libinit2.o(.ARM.Collect$$libinit$$00000034)
    __rt_lib_init_exceptions_1               0x0800018f   Thumb Code     0  libinit2.o(.ARM.Collect$$libinit$$00000032)
    __rt_lib_init_fp_1                       0x0800018f   Thumb Code     0  libinit2.o(.ARM.Collect$$libinit$$00000002)
    __rt_lib_init_fp_trap_1                  0x0800018f   Thumb Code     0  libinit2.o(.ARM.Collect$$libinit$$00000021)
    __rt_lib_init_getenv_1                   0x0800018f   Thumb Code     0  libinit2.o(.ARM.Collect$$libinit$$00000025)
    __rt_lib_init_heap_1                     0x0800018f   Thumb Code     0  libinit2.o(.ARM.Collect$$libinit$$0000000C)
    __rt_lib_init_lc_collate_1               0x0800018f   Thumb Code     0  libinit2.o(.ARM.Collect$$libinit$$00000013)
    __rt_lib_init_lc_ctype_1                 0x0800018f   Thumb Code     0  libinit2.o(.ARM.Collect$$libinit$$00000015)
    __rt_lib_init_lc_monetary_1              0x0800018f   Thumb Code     0  libinit2.o(.ARM.Collect$$libinit$$00000017)
    __rt_lib_init_lc_numeric_1               0x0800018f   Thumb Code     0  libinit2.o(.ARM.Collect$$libinit$$00000019)
    __rt_lib_init_lc_time_1                  0x0800018f   Thumb Code     0  libinit2.o(.ARM.Collect$$libinit$$0000001B)
    __rt_lib_init_preinit_1                  0x0800018f   Thumb Code     0  libinit2.o(.ARM.Collect$$libinit$$00000006)
    __rt_lib_init_rand_1                     0x0800018f   Thumb Code     0  libinit2.o(.ARM.Collect$$libinit$$00000010)
    __rt_lib_init_relocate_pie_1             0x0800018f   Thumb Code     0  libinit2.o(.ARM.Collect$$libinit$$00000004)
    __rt_lib_init_return                     0x0800018f   Thumb Code     0  libinit2.o(.ARM.Collect$$libinit$$00000035)
    __rt_lib_init_signal_1                   0x0800018f   Thumb Code     0  libinit2.o(.ARM.Collect$$libinit$$0000001F)
    __rt_lib_init_stdio_1                    0x0800018f   Thumb Code     0  libinit2.o(.ARM.Collect$$libinit$$00000027)
    __rt_lib_init_user_alloc_1               0x0800018f   Thumb Code     0  libinit2.o(.ARM.Collect$$libinit$$0000000E)
    __rt_lib_shutdown                        0x08000191   Thumb Code     0  libshutdown.o(.ARM.Collect$$libshutdown$$00000000)
    __rt_lib_shutdown_cpp_1                  0x08000193   Thumb Code     0  libshutdown2.o(.ARM.Collect$$libshutdown$$00000002)
    __rt_lib_shutdown_fp_trap_1              0x08000193   Thumb Code     0  libshutdown2.o(.ARM.Collect$$libshutdown$$00000007)
    __rt_lib_shutdown_heap_1                 0x08000193   Thumb Code     0  libshutdown2.o(.ARM.Collect$$libshutdown$$0000000F)
    __rt_lib_shutdown_return                 0x08000193   Thumb Code     0  libshutdown2.o(.ARM.Collect$$libshutdown$$00000010)
    __rt_lib_shutdown_signal_1               0x08000193   Thumb Code     0  libshutdown2.o(.ARM.Collect$$libshutdown$$0000000A)
    __rt_lib_shutdown_stdio_1                0x08000193   Thumb Code     0  libshutdown2.o(.ARM.Collect$$libshutdown$$00000004)
    __rt_lib_shutdown_user_alloc_1           0x08000193   Thumb Code     0  libshutdown2.o(.ARM.Collect$$libshutdown$$0000000C)
    __rt_entry                               0x08000195   Thumb Code     0  __rtentry.o(.ARM.Collect$$rtentry$$00000000)
    __rt_entry_presh_1                       0x08000195   Thumb Code     0  __rtentry2.o(.ARM.Collect$$rtentry$$00000002)
    __rt_entry_sh                            0x08000195   Thumb Code     0  __rtentry4.o(.ARM.Collect$$rtentry$$00000004)
    __rt_entry_postsh_1                      0x0800019b   Thumb Code     0  __rtentry2.o(.ARM.Collect$$rtentry$$00000008)
    __rt_entry_li                            0x080001a3   Thumb Code     0  __rtentry2.o(.ARM.Collect$$rtentry$$0000000A)
    __rt_entry_main                          0x080001a7   Thumb Code     0  __rtentry2.o(.ARM.Collect$$rtentry$$0000000D)
    __rt_entry_postli_1                      0x080001a7   Thumb Code     0  __rtentry2.o(.ARM.Collect$$rtentry$$0000000C)
    __rt_exit                                0x080001af   Thumb Code     0  rtexit.o(.ARM.Collect$$rtexit$$00000000)
    __rt_exit_ls                             0x080001b1   Thumb Code     0  rtexit2.o(.ARM.Collect$$rtexit$$00000003)
    __rt_exit_prels_1                        0x080001b1   Thumb Code     0  rtexit2.o(.ARM.Collect$$rtexit$$00000002)
    __rt_exit_exit                           0x080001b5   Thumb Code     0  rtexit2.o(.ARM.Collect$$rtexit$$00000004)
    Reset_Handler                            0x080001bd   Thumb Code     8  startup_stm32f10x_md.o(.text)
    NMI_Handler                              0x080001c5   Thumb Code     2  startup_stm32f10x_md.o(.text)
    HardFault_Handler                        0x080001c7   Thumb Code     2  startup_stm32f10x_md.o(.text)
    MemManage_Handler                        0x080001c9   Thumb Code     2  startup_stm32f10x_md.o(.text)
    BusFault_Handler                         0x080001cb   Thumb Code     2  startup_stm32f10x_md.o(.text)
    UsageFault_Handler                       0x080001cd   Thumb Code     2  startup_stm32f10x_md.o(.text)
    DebugMon_Handler                         0x080001d1   Thumb Code     2  startup_stm32f10x_md.o(.text)
    ADC1_2_IRQHandler                        0x080001d7   Thumb Code     0  startup_stm32f10x_md.o(.text)
    CAN1_RX1_IRQHandler                      0x080001d7   Thumb Code     0  startup_stm32f10x_md.o(.text)
    CAN1_SCE_IRQHandler                      0x080001d7   Thumb Code     0  startup_stm32f10x_md.o(.text)
    DMA1_Channel1_IRQHandler                 0x080001d7   Thumb Code     0  startup_stm32f10x_md.o(.text)
    DMA1_Channel2_IRQHandler                 0x080001d7   Thumb Code     0  startup_stm32f10x_md.o(.text)
    DMA1_Channel3_IRQHandler                 0x080001d7   Thumb Code     0  startup_stm32f10x_md.o(.text)
    DMA1_Channel4_IRQHandler                 0x080001d7   Thumb Code     0  startup_stm32f10x_md.o(.text)
    DMA1_Channel5_IRQHandler                 0x080001d7   Thumb Code     0  startup_stm32f10x_md.o(.text)
    DMA1_Channel6_IRQHandler                 0x080001d7   Thumb Code     0  startup_stm32f10x_md.o(.text)
    DMA1_Channel7_IRQHandler                 0x080001d7   Thumb Code     0  startup_stm32f10x_md.o(.text)
    EXTI0_IRQHandler                         0x080001d7   Thumb Code     0  startup_stm32f10x_md.o(.text)
    EXTI15_10_IRQHandler                     0x080001d7   Thumb Code     0  startup_stm32f10x_md.o(.text)
    EXTI1_IRQHandler                         0x080001d7   Thumb Code     0  startup_stm32f10x_md.o(.text)
    EXTI2_IRQHandler                         0x080001d7   Thumb Code     0  startup_stm32f10x_md.o(.text)
    EXTI3_IRQHandler                         0x080001d7   Thumb Code     0  startup_stm32f10x_md.o(.text)
    EXTI4_IRQHandler                         0x080001d7   Thumb Code     0  startup_stm32f10x_md.o(.text)
    EXTI9_5_IRQHandler                       0x080001d7   Thumb Code     0  startup_stm32f10x_md.o(.text)
    FLASH_IRQHandler                         0x080001d7   Thumb Code     0  startup_stm32f10x_md.o(.text)
    I2C1_ER_IRQHandler                       0x080001d7   Thumb Code     0  startup_stm32f10x_md.o(.text)
    I2C1_EV_IRQHandler                       0x080001d7   Thumb Code     0  startup_stm32f10x_md.o(.text)
    I2C2_ER_IRQHandler                       0x080001d7   Thumb Code     0  startup_stm32f10x_md.o(.text)
    I2C2_EV_IRQHandler                       0x080001d7   Thumb Code     0  startup_stm32f10x_md.o(.text)
    PVD_IRQHandler                           0x080001d7   Thumb Code     0  startup_stm32f10x_md.o(.text)
    RCC_IRQHandler                           0x080001d7   Thumb Code     0  startup_stm32f10x_md.o(.text)
    RTCAlarm_IRQHandler                      0x080001d7   Thumb Code     0  startup_stm32f10x_md.o(.text)
    RTC_IRQHandler                           0x080001d7   Thumb Code     0  startup_stm32f10x_md.o(.text)
    SPI1_IRQHandler                          0x080001d7   Thumb Code     0  startup_stm32f10x_md.o(.text)
    SPI2_IRQHandler                          0x080001d7   Thumb Code     0  startup_stm32f10x_md.o(.text)
    TAMPER_IRQHandler                        0x080001d7   Thumb Code     0  startup_stm32f10x_md.o(.text)
    TIM1_BRK_IRQHandler                      0x080001d7   Thumb Code     0  startup_stm32f10x_md.o(.text)
    TIM1_CC_IRQHandler                       0x080001d7   Thumb Code     0  startup_stm32f10x_md.o(.text)
    TIM1_TRG_COM_IRQHandler                  0x080001d7   Thumb Code     0  startup_stm32f10x_md.o(.text)
    TIM1_UP_IRQHandler                       0x080001d7   Thumb Code     0  startup_stm32f10x_md.o(.text)
    TIM2_IRQHandler                          0x080001d7   Thumb Code     0  startup_stm32f10x_md.o(.text)
    TIM3_IRQHandler                          0x080001d7   Thumb Code     0  startup_stm32f10x_md.o(.text)
    TIM4_IRQHandler                          0x080001d7   Thumb Code     0  startup_stm32f10x_md.o(.text)
    USART1_IRQHandler                        0x080001d7   Thumb Code     0  startup_stm32f10x_md.o(.text)
    USART2_IRQHandler                        0x080001d7   Thumb Code     0  startup_stm32f10x_md.o(.text)
    USART3_IRQHandler                        0x080001d7   Thumb Code     0  startup_stm32f10x_md.o(.text)
    USBWakeUp_IRQHandler                     0x080001d7   Thumb Code     0  startup_stm32f10x_md.o(.text)
    USB_HP_CAN1_TX_IRQHandler                0x080001d7   Thumb Code     0  startup_stm32f10x_md.o(.text)
    USB_LP_CAN1_RX0_IRQHandler               0x080001d7   Thumb Code     0  startup_stm32f10x_md.o(.text)
    WWDG_IRQHandler                          0x080001d7   Thumb Code     0  startup_stm32f10x_md.o(.text)
    __user_initial_stackheap                 0x080001d9   Thumb Code     0  startup_stm32f10x_md.o(.text)
    __aeabi_memcpy                           0x080001fd   Thumb Code     0  rt_memcpy_v6.o(.text)
    __rt_memcpy                              0x080001fd   Thumb Code   138  rt_memcpy_v6.o(.text)
    _memcpy_lastbytes                        0x08000263   Thumb Code     0  rt_memcpy_v6.o(.text)
    __aeabi_memset4                          0x08000287   Thumb Code    16  aeabi_memset4.o(.text)
    __aeabi_memset8                          0x08000287   Thumb Code     0  aeabi_memset4.o(.text)
    __aeabi_memclr                           0x08000297   Thumb Code     0  rt_memclr.o(.text)
    __rt_memclr                              0x08000297   Thumb Code     0  rt_memclr.o(.text)
    _memset                                  0x0800029b   Thumb Code    64  rt_memclr.o(.text)
    __use_two_region_memory                  0x080002db   Thumb Code     2  heapauxi.o(.text)
    __rt_heap_escrow$2region                 0x080002dd   Thumb Code     2  heapauxi.o(.text)
    __rt_heap_expand$2region                 0x080002df   Thumb Code     2  heapauxi.o(.text)
    __aeabi_memcpy4                          0x080002e1   Thumb Code     0  rt_memcpy_w.o(.text)
    __aeabi_memcpy8                          0x080002e1   Thumb Code     0  rt_memcpy_w.o(.text)
    __rt_memcpy_w                            0x080002e1   Thumb Code   100  rt_memcpy_w.o(.text)
    _memcpy_lastbytes_aligned                0x08000329   Thumb Code     0  rt_memcpy_w.o(.text)
    __aeabi_memclr4                          0x08000345   Thumb Code     0  rt_memclr_w.o(.text)
    __aeabi_memclr8                          0x08000345   Thumb Code     0  rt_memclr_w.o(.text)
    __rt_memclr_w                            0x08000345   Thumb Code     0  rt_memclr_w.o(.text)
    _memset_w                                0x08000349   Thumb Code    74  rt_memclr_w.o(.text)
    __user_setup_stackheap                   0x08000393   Thumb Code    74  sys_stackheap_outer.o(.text)
    exit                                     0x080003dd   Thumb Code    18  exit.o(.text)
    __user_libspace                          0x080003f1   Thumb Code     8  libspace.o(.text)
    __user_perproc_libspace                  0x080003f1   Thumb Code     0  libspace.o(.text)
    _sys_exit                                0x080003f9   Thumb Code     8  sys_exit.o(.text)
    __I$use$semihosting                      0x08000405   Thumb Code     0  use_no_semi.o(.text)
    __use_no_semihosting_swi                 0x08000405   Thumb Code     2  use_no_semi.o(.text)
    __semihosting_library_function           0x08000407   Thumb Code     0  indicate_semi.o(.text)
    GPIO_Init                                0x08000409   Thumb Code   390  stm32f10x_gpio.o(.text.GPIO_Init)
    GPIO_WriteBit                            0x08000591   Thumb Code    44  stm32f10x_gpio.o(.text.GPIO_WriteBit)
    PendSV_Handler                           0x080005bd   Thumb Code    68  port.o(.text.PendSV_Handler)
    SVC_Handler                              0x08000601   Thumb Code    36  port.o(.text.SVC_Handler)
    SysTick_Handler                          0x08000751   Thumb Code    30  cmsis_os2.o(.text.SysTick_Handler)
    SystemInit                               0x08000771   Thumb Code   102  system_stm32f10x.o(.text.SystemInit)
    TIM2_Config                              0x080007d9   Thumb Code    78  delay_f103.o(.text.TIM2_Config)
    _mutex_acquire                           0x08000829   Thumb Code    40  clib_os.o(.text._mutex_acquire)
    _mutex_free                              0x08000851   Thumb Code    84  clib_os.o(.text._mutex_free)
    _mutex_initialize                        0x080008a5   Thumb Code   168  clib_os.o(.text._mutex_initialize)
    _mutex_release                           0x0800094d   Thumb Code    42  clib_os.o(.text._mutex_release)
    _platform_post_stackheap_init            0x08000979   Thumb Code     2  clib_os.o(.text._platform_post_stackheap_init)
    delay_ms                                 0x0800097d   Thumb Code    56  delay_f103.o(.text.delay_ms)
    delay_us                                 0x080009b5   Thumb Code    42  delay_f103.o(.text.delay_us)
    gpio_Config                              0x080009e1   Thumb Code   154  main.o(.text.gpio_Config)
    ledControlTask                           0x08000a9d   Thumb Code    78  main.o(.text.ledControlTask)
    main                                     0x08000aed   Thumb Code    86  main.o(.text.main)
    pvPortMalloc                             0x08001531   Thumb Code   804  heap_4.o(.text.pvPortMalloc)
    pvTaskIncrementMutexHeldCount            0x08001855   Thumb Code    36  tasks.o(.text.pvTaskIncrementMutexHeldCount)
    pxPortInitialiseStack                    0x08001879   Thumb Code    80  port.o(.text.pxPortInitialiseStack)
    uxListRemove                             0x080018c9   Thumb Code    72  list.o(.text.uxListRemove)
    vApplicationStackOverflowHook            0x08001911   Thumb Code    30  cmsis_os2.o(.text.vApplicationStackOverflowHook)
    vListInitialise                          0x08001931   Thumb Code    46  list.o(.text.vListInitialise)
    vListInitialiseItem                      0x08001961   Thumb Code    14  list.o(.text.vListInitialiseItem)
    vListInsert                              0x08001971   Thumb Code   106  list.o(.text.vListInsert)
    vPortEnterCritical                       0x080019dd   Thumb Code    90  port.o(.text.vPortEnterCritical)
    vPortExitCritical                        0x08001a39   Thumb Code    78  port.o(.text.vPortExitCritical)
    vPortFree                                0x08001a89   Thumb Code   278  heap_4.o(.text.vPortFree)
    vQueueDelete                             0x08001ba1   Thumb Code    66  queue.o(.text.vQueueDelete)
    vTaskInternalSetTimeOutState             0x08001be5   Thumb Code    36  tasks.o(.text.vTaskInternalSetTimeOutState)
    vTaskMissedYield                         0x08001c09   Thumb Code    14  tasks.o(.text.vTaskMissedYield)
    vTaskPlaceOnEventList                    0x08001c19   Thumb Code    70  tasks.o(.text.vTaskPlaceOnEventList)
    vTaskPriorityDisinheritAfterTimeout      0x08001c61   Thumb Code   394  tasks.o(.text.vTaskPriorityDisinheritAfterTimeout)
    vTaskSuspendAll                          0x08001ded   Thumb Code    16  tasks.o(.text.vTaskSuspendAll)
    vTaskSwitchContext                       0x08001dfd   Thumb Code   330  tasks.o(.text.vTaskSwitchContext)
    xPortSysTickHandler                      0x08001f49   Thumb Code    62  port.o(.text.xPortSysTickHandler)
    xQueueCreateMutex                        0x08001f89   Thumb Code    38  queue.o(.text.xQueueCreateMutex)
    xQueueCreateMutexStatic                  0x08001fb1   Thumb Code    50  queue.o(.text.xQueueCreateMutexStatic)
    xQueueGenericCreate                      0x08001fe5   Thumb Code   166  queue.o(.text.xQueueGenericCreate)
    xQueueGenericCreateStatic                0x0800208d   Thumb Code   212  queue.o(.text.xQueueGenericCreateStatic)
    xQueueGenericReset                       0x08002161   Thumb Code   272  queue.o(.text.xQueueGenericReset)
    xQueueGenericSend                        0x08002271   Thumb Code   572  queue.o(.text.xQueueGenericSend)
    xQueueSemaphoreTake                      0x080024ad   Thumb Code   540  queue.o(.text.xQueueSemaphoreTake)
    xTaskCheckForTimeOut                     0x080026c9   Thumb Code   260  tasks.o(.text.xTaskCheckForTimeOut)
    xTaskCreate                              0x080027cd   Thumb Code    82  tasks.o(.text.xTaskCreate)
    xTaskGetSchedulerState                   0x08002821   Thumb Code    56  tasks.o(.text.xTaskGetSchedulerState)
    xTaskIncrementTick                       0x08002859   Thumb Code   648  tasks.o(.text.xTaskIncrementTick)
    xTaskPriorityDisinherit                  0x08002ae1   Thumb Code   322  tasks.o(.text.xTaskPriorityDisinherit)
    xTaskPriorityInherit                     0x08002c25   Thumb Code   348  tasks.o(.text.xTaskPriorityInherit)
    xTaskRemoveFromEventList                 0x08002d81   Thumb Code   436  tasks.o(.text.xTaskRemoveFromEventList)
    xTaskResumeAll                           0x08002f35   Thumb Code   602  tasks.o(.text.xTaskResumeAll)
    Region$$Table$$Base                      0x08003198   Number         0  anon$$obj.o(Region$$Table)
    Region$$Table$$Limit                     0x080031b8   Number         0  anon$$obj.o(Region$$Table)
    LED1                                     0x20000000   Data           2  main.o(.data.LED1)
    LED_VAL                                  0x20000002   Data           2  main.o(.data.LED_VAL)
    __libspace_start                         0x20000008   Data          96  libspace.o(.bss)
    __temporary_stack_top$libspace           0x20000068   Data           0  libspace.o(.bss)
    pxCurrentTCB                             0x2000020c   Data           4  tasks.o(.bss.pxCurrentTCB)



==============================================================================

Memory Map of the image

  Image Entry point : 0x080001bd

  Load Region LR_1 (Base: 0x08000000, Size: 0x000031c0, Max: 0xffffffff, ABSOLUTE)

    Execution Region ER_RO (Exec base: 0x08000000, Load base: 0x08000000, Size: 0x000031b8, Max: 0xffffffff, ABSOLUTE)

    Exec Addr    Load Addr    Size         Type   Attr      Idx    E Section Name        Object

    0x08000000   0x08000000   0x000000ec   Data   RO          555    RESET               startup_stm32f10x_md.o
    0x080000ec   0x080000ec   0x00000008   Code   RO         1064  * !!!main             c_w.l(__main.o)
    0x080000f4   0x080000f4   0x0000005c   Code   RO         1231    !!!scatter          c_w.l(__scatter.o)
    0x08000150   0x08000150   0x0000001a   Code   RO         1235    !!handler_copy      c_w.l(__scatter_copy.o)
    0x0800016a   0x0800016a   0x00000002   PAD
    0x0800016c   0x0800016c   0x00000002   Code   RO         1232    !!handler_null      c_w.l(__scatter.o)
    0x0800016e   0x0800016e   0x00000002   PAD
    0x08000170   0x08000170   0x0000001c   Code   RO         1237    !!handler_zi        c_w.l(__scatter_zi.o)
    0x0800018c   0x0800018c   0x00000002   Code   RO         1093    .ARM.Collect$$libinit$$00000000  c_w.l(libinit.o)
    0x0800018e   0x0800018e   0x00000000   Code   RO         1100    .ARM.Collect$$libinit$$00000002  c_w.l(libinit2.o)
    0x0800018e   0x0800018e   0x00000000   Code   RO         1102    .ARM.Collect$$libinit$$00000004  c_w.l(libinit2.o)
    0x0800018e   0x0800018e   0x00000000   Code   RO         1104    .ARM.Collect$$libinit$$00000006  c_w.l(libinit2.o)
    0x0800018e   0x0800018e   0x00000000   Code   RO         1107    .ARM.Collect$$libinit$$0000000C  c_w.l(libinit2.o)
    0x0800018e   0x0800018e   0x00000000   Code   RO         1109    .ARM.Collect$$libinit$$0000000E  c_w.l(libinit2.o)
    0x0800018e   0x0800018e   0x00000000   Code   RO         1111    .ARM.Collect$$libinit$$00000010  c_w.l(libinit2.o)
    0x0800018e   0x0800018e   0x00000000   Code   RO         1114    .ARM.Collect$$libinit$$00000013  c_w.l(libinit2.o)
    0x0800018e   0x0800018e   0x00000000   Code   RO         1116    .ARM.Collect$$libinit$$00000015  c_w.l(libinit2.o)
    0x0800018e   0x0800018e   0x00000000   Code   RO         1118    .ARM.Collect$$libinit$$00000017  c_w.l(libinit2.o)
    0x0800018e   0x0800018e   0x00000000   Code   RO         1120    .ARM.Collect$$libinit$$00000019  c_w.l(libinit2.o)
    0x0800018e   0x0800018e   0x00000000   Code   RO         1122    .ARM.Collect$$libinit$$0000001B  c_w.l(libinit2.o)
    0x0800018e   0x0800018e   0x00000000   Code   RO         1124    .ARM.Collect$$libinit$$0000001D  c_w.l(libinit2.o)
    0x0800018e   0x0800018e   0x00000000   Code   RO         1126    .ARM.Collect$$libinit$$0000001F  c_w.l(libinit2.o)
    0x0800018e   0x0800018e   0x00000000   Code   RO         1128    .ARM.Collect$$libinit$$00000021  c_w.l(libinit2.o)
    0x0800018e   0x0800018e   0x00000000   Code   RO         1130    .ARM.Collect$$libinit$$00000023  c_w.l(libinit2.o)
    0x0800018e   0x0800018e   0x00000000   Code   RO         1132    .ARM.Collect$$libinit$$00000025  c_w.l(libinit2.o)
    0x0800018e   0x0800018e   0x00000000   Code   RO         1134    .ARM.Collect$$libinit$$00000027  c_w.l(libinit2.o)
    0x0800018e   0x0800018e   0x00000000   Code   RO         1138    .ARM.Collect$$libinit$$0000002E  c_w.l(libinit2.o)
    0x0800018e   0x0800018e   0x00000000   Code   RO         1140    .ARM.Collect$$libinit$$00000030  c_w.l(libinit2.o)
    0x0800018e   0x0800018e   0x00000000   Code   RO         1142    .ARM.Collect$$libinit$$00000032  c_w.l(libinit2.o)
    0x0800018e   0x0800018e   0x00000000   Code   RO         1144    .ARM.Collect$$libinit$$00000034  c_w.l(libinit2.o)
    0x0800018e   0x0800018e   0x00000002   Code   RO         1145    .ARM.Collect$$libinit$$00000035  c_w.l(libinit2.o)
    0x08000190   0x08000190   0x00000002   Code   RO         1167    .ARM.Collect$$libshutdown$$00000000  c_w.l(libshutdown.o)
    0x08000192   0x08000192   0x00000000   Code   RO         1182    .ARM.Collect$$libshutdown$$00000002  c_w.l(libshutdown2.o)
    0x08000192   0x08000192   0x00000000   Code   RO         1184    .ARM.Collect$$libshutdown$$00000004  c_w.l(libshutdown2.o)
    0x08000192   0x08000192   0x00000000   Code   RO         1187    .ARM.Collect$$libshutdown$$00000007  c_w.l(libshutdown2.o)
    0x08000192   0x08000192   0x00000000   Code   RO         1190    .ARM.Collect$$libshutdown$$0000000A  c_w.l(libshutdown2.o)
    0x08000192   0x08000192   0x00000000   Code   RO         1192    .ARM.Collect$$libshutdown$$0000000C  c_w.l(libshutdown2.o)
    0x08000192   0x08000192   0x00000000   Code   RO         1195    .ARM.Collect$$libshutdown$$0000000F  c_w.l(libshutdown2.o)
    0x08000192   0x08000192   0x00000002   Code   RO         1196    .ARM.Collect$$libshutdown$$00000010  c_w.l(libshutdown2.o)
    0x08000194   0x08000194   0x00000000   Code   RO         1066    .ARM.Collect$$rtentry$$00000000  c_w.l(__rtentry.o)
    0x08000194   0x08000194   0x00000000   Code   RO         1072    .ARM.Collect$$rtentry$$00000002  c_w.l(__rtentry2.o)
    0x08000194   0x08000194   0x00000006   Code   RO         1084    .ARM.Collect$$rtentry$$00000004  c_w.l(__rtentry4.o)
    0x0800019a   0x0800019a   0x00000008   Code   RO         1073    .ARM.Collect$$rtentry$$00000008  c_w.l(__rtentry2.o)
    0x080001a2   0x080001a2   0x00000004   Code   RO         1075    .ARM.Collect$$rtentry$$0000000A  c_w.l(__rtentry2.o)
    0x080001a6   0x080001a6   0x00000000   Code   RO         1077    .ARM.Collect$$rtentry$$0000000C  c_w.l(__rtentry2.o)
    0x080001a6   0x080001a6   0x00000008   Code   RO         1078    .ARM.Collect$$rtentry$$0000000D  c_w.l(__rtentry2.o)
    0x080001ae   0x080001ae   0x00000002   Code   RO         1097    .ARM.Collect$$rtexit$$00000000  c_w.l(rtexit.o)
    0x080001b0   0x080001b0   0x00000000   Code   RO         1147    .ARM.Collect$$rtexit$$00000002  c_w.l(rtexit2.o)
    0x080001b0   0x080001b0   0x00000004   Code   RO         1148    .ARM.Collect$$rtexit$$00000003  c_w.l(rtexit2.o)
    0x080001b4   0x080001b4   0x00000006   Code   RO         1149    .ARM.Collect$$rtexit$$00000004  c_w.l(rtexit2.o)
    0x080001ba   0x080001ba   0x00000002   PAD
    0x080001bc   0x080001bc   0x00000040   Code   RO          556  * .text               startup_stm32f10x_md.o
    0x080001fc   0x080001fc   0x0000008a   Code   RO         1056    .text               c_w.l(rt_memcpy_v6.o)
    0x08000286   0x08000286   0x00000010   Code   RO         1058    .text               c_w.l(aeabi_memset4.o)
    0x08000296   0x08000296   0x00000044   Code   RO         1060    .text               c_w.l(rt_memclr.o)
    0x080002da   0x080002da   0x00000006   Code   RO         1062    .text               c_w.l(heapauxi.o)
    0x080002e0   0x080002e0   0x00000064   Code   RO         1067    .text               c_w.l(rt_memcpy_w.o)
    0x08000344   0x08000344   0x0000004e   Code   RO         1069    .text               c_w.l(rt_memclr_w.o)
    0x08000392   0x08000392   0x0000004a   Code   RO         1086    .text               c_w.l(sys_stackheap_outer.o)
    0x080003dc   0x080003dc   0x00000012   Code   RO         1088    .text               c_w.l(exit.o)
    0x080003ee   0x080003ee   0x00000002   PAD
    0x080003f0   0x080003f0   0x00000008   Code   RO         1094    .text               c_w.l(libspace.o)
    0x080003f8   0x080003f8   0x0000000c   Code   RO         1157    .text               c_w.l(sys_exit.o)
    0x08000404   0x08000404   0x00000002   Code   RO         1172    .text               c_w.l(use_no_semi.o)
    0x08000406   0x08000406   0x00000000   Code   RO         1174    .text               c_w.l(indicate_semi.o)
    0x08000406   0x08000406   0x00000002   PAD
    0x08000408   0x08000408   0x00000186   Code   RO          309    .text.GPIO_Init     stm32f10x_gpio.o
    0x0800058e   0x0800058e   0x00000002   PAD
    0x08000590   0x08000590   0x0000002c   Code   RO          325    .text.GPIO_WriteBit  stm32f10x_gpio.o
    0x080005bc   0x080005bc   0x00000044   Code   RO          645    .text.PendSV_Handler  port.o
    0x08000600   0x08000600   0x00000024   Code   RO          641    .text.SVC_Handler   port.o
    0x08000624   0x08000624   0x00000008   Code   RO          565    .text.SetSysClock   system_stm32f10x.o
    0x0800062c   0x0800062c   0x00000122   Code   RO          569    .text.SetSysClockTo72  system_stm32f10x.o
    0x0800074e   0x0800074e   0x00000002   PAD
    0x08000750   0x08000750   0x0000001e   Code   RO           97    .text.SysTick_Handler  cmsis_os2.o
    0x0800076e   0x0800076e   0x00000002   PAD
    0x08000770   0x08000770   0x00000066   Code   RO          563    .text.SystemInit    system_stm32f10x.o
    0x080007d6   0x080007d6   0x00000002   PAD
    0x080007d8   0x080007d8   0x0000004e   Code   RO           23    .text.TIM2_Config   delay_f103.o
    0x08000826   0x08000826   0x00000002   PAD
    0x08000828   0x08000828   0x00000028   Code   RO           78    .text._mutex_acquire  clib_os.o
    0x08000850   0x08000850   0x00000054   Code   RO           84    .text._mutex_free   clib_os.o
    0x080008a4   0x080008a4   0x000000a8   Code   RO           76    .text._mutex_initialize  clib_os.o
    0x0800094c   0x0800094c   0x0000002a   Code   RO           82    .text._mutex_release  clib_os.o
    0x08000976   0x08000976   0x00000002   PAD
    0x08000978   0x08000978   0x00000002   Code   RO           70    .text._platform_post_stackheap_init  clib_os.o
    0x0800097a   0x0800097a   0x00000002   PAD
    0x0800097c   0x0800097c   0x00000038   Code   RO           27    .text.delay_ms      delay_f103.o
    0x080009b4   0x080009b4   0x0000002a   Code   RO           25    .text.delay_us      delay_f103.o
    0x080009de   0x080009de   0x00000002   PAD
    0x080009e0   0x080009e0   0x0000009a   Code   RO            2    .text.gpio_Config   main.o
    0x08000a7a   0x08000a7a   0x00000002   PAD
    0x08000a7c   0x08000a7c   0x00000020   Code   RO           80    .text.is_thread_mode  clib_os.o
    0x08000a9c   0x08000a9c   0x0000004e   Code   RO            4    .text.ledControlTask  main.o
    0x08000aea   0x08000aea   0x00000002   PAD
    0x08000aec   0x08000aec   0x00000056   Code   RO           10    .text.main          main.o
    0x08000b42   0x08000b42   0x00000002   PAD
    0x08000b44   0x08000b44   0x00000020   Code   RO           74    .text.os_kernel_is_active  clib_os.o
    0x08000b64   0x08000b64   0x0000010e   Code   RO          814    .text.prvAddCurrentTaskToDelayedList  tasks.o
    0x08000c72   0x08000c72   0x00000002   PAD
    0x08000c74   0x08000c74   0x00000170   Code   RO          798    .text.prvAddNewTaskToReadyList  tasks.o
    0x08000de4   0x08000de4   0x000000cc   Code   RO          739    .text.prvCopyDataToQueue  queue.o
    0x08000eb0   0x08000eb0   0x0000008e   Code   RO          802    .text.prvCreateTask  tasks.o
    0x08000f3e   0x08000f3e   0x00000002   PAD
    0x08000f40   0x08000f40   0x00000026   Code   RO          755    .text.prvGetHighestPriorityOfWaitToReceiveList  queue.o
    0x08000f66   0x08000f66   0x00000002   PAD
    0x08000f68   0x08000f68   0x000000aa   Code   RO          673    .text.prvHeapInit   heap_4.o
    0x08001012   0x08001012   0x00000002   PAD
    0x08001014   0x08001014   0x0000002c   Code   RO          719    .text.prvInitialiseMutex  queue.o
    0x08001040   0x08001040   0x00000048   Code   RO          711    .text.prvInitialiseNewQueue  queue.o
    0x08001088   0x08001088   0x00000158   Code   RO          934    .text.prvInitialiseNewTask  tasks.o
    0x080011e0   0x080011e0   0x0000008e   Code   RO          936    .text.prvInitialiseTaskLists  tasks.o
    0x0800126e   0x0800126e   0x00000002   PAD
    0x08001270   0x08001270   0x0000012a   Code   RO          677    .text.prvInsertBlockIntoFreeList  heap_4.o
    0x0800139a   0x0800139a   0x00000002   PAD
    0x0800139c   0x0800139c   0x00000028   Code   RO          753    .text.prvIsQueueEmpty  queue.o
    0x080013c4   0x080013c4   0x0000002e   Code   RO          741    .text.prvIsQueueFull  queue.o
    0x080013f2   0x080013f2   0x00000002   PAD
    0x080013f4   0x080013f4   0x0000003c   Code   RO          806    .text.prvResetNextTaskUnblockTime  tasks.o
    0x08001430   0x08001430   0x00000050   Code   RO          639    .text.prvTaskExitError  port.o
    0x08001480   0x08001480   0x000000ae   Code   RO          743    .text.prvUnlockQueue  queue.o
    0x0800152e   0x0800152e   0x00000002   PAD
    0x08001530   0x08001530   0x00000324   Code   RO          671    .text.pvPortMalloc  heap_4.o
    0x08001854   0x08001854   0x00000024   Code   RO          912    .text.pvTaskIncrementMutexHeldCount  tasks.o
    0x08001878   0x08001878   0x00000050   Code   RO          637    .text.pxPortInitialiseStack  port.o
    0x080018c8   0x080018c8   0x00000048   Code   RO          628    .text.uxListRemove  list.o
    0x08001910   0x08001910   0x0000001e   Code   RO          251    .text.vApplicationStackOverflowHook  cmsis_os2.o
    0x0800192e   0x0800192e   0x00000002   PAD
    0x08001930   0x08001930   0x0000002e   Code   RO          620    .text.vListInitialise  list.o
    0x0800195e   0x0800195e   0x00000002   PAD
    0x08001960   0x08001960   0x0000000e   Code   RO          622    .text.vListInitialiseItem  list.o
    0x0800196e   0x0800196e   0x00000002   PAD
    0x08001970   0x08001970   0x0000006a   Code   RO          626    .text.vListInsert   list.o
    0x080019da   0x080019da   0x00000002   PAD
    0x080019dc   0x080019dc   0x0000005a   Code   RO          653    .text.vPortEnterCritical  port.o
    0x08001a36   0x08001a36   0x00000002   PAD
    0x08001a38   0x08001a38   0x0000004e   Code   RO          655    .text.vPortExitCritical  port.o
    0x08001a86   0x08001a86   0x00000002   PAD
    0x08001a88   0x08001a88   0x00000116   Code   RO          675    .text.vPortFree     heap_4.o
    0x08001b9e   0x08001b9e   0x00000002   PAD
    0x08001ba0   0x08001ba0   0x00000042   Code   RO          769    .text.vQueueDelete  queue.o
    0x08001be2   0x08001be2   0x00000002   PAD
    0x08001be4   0x08001be4   0x00000024   Code   RO          882    .text.vTaskInternalSetTimeOutState  tasks.o
    0x08001c08   0x08001c08   0x0000000e   Code   RO          886    .text.vTaskMissedYield  tasks.o
    0x08001c16   0x08001c16   0x00000002   PAD
    0x08001c18   0x08001c18   0x00000046   Code   RO          870    .text.vTaskPlaceOnEventList  tasks.o
    0x08001c5e   0x08001c5e   0x00000002   PAD
    0x08001c60   0x08001c60   0x0000018a   Code   RO          908    .text.vTaskPriorityDisinheritAfterTimeout  tasks.o
    0x08001dea   0x08001dea   0x00000002   PAD
    0x08001dec   0x08001dec   0x00000010   Code   RO          812    .text.vTaskSuspendAll  tasks.o
    0x08001dfc   0x08001dfc   0x0000014a   Code   RO          834    .text.vTaskSwitchContext  tasks.o
    0x08001f46   0x08001f46   0x00000002   PAD
    0x08001f48   0x08001f48   0x0000003e   Code   RO          657    .text.xPortSysTickHandler  port.o
    0x08001f86   0x08001f86   0x00000002   PAD
    0x08001f88   0x08001f88   0x00000026   Code   RO          717    .text.xQueueCreateMutex  queue.o
    0x08001fae   0x08001fae   0x00000002   PAD
    0x08001fb0   0x08001fb0   0x00000032   Code   RO          721    .text.xQueueCreateMutexStatic  queue.o
    0x08001fe2   0x08001fe2   0x00000002   PAD
    0x08001fe4   0x08001fe4   0x000000a6   Code   RO          715    .text.xQueueGenericCreate  queue.o
    0x0800208a   0x0800208a   0x00000002   PAD
    0x0800208c   0x0800208c   0x000000d4   Code   RO          709    .text.xQueueGenericCreateStatic  queue.o
    0x08002160   0x08002160   0x00000110   Code   RO          707    .text.xQueueGenericReset  queue.o
    0x08002270   0x08002270   0x0000023c   Code   RO          729    .text.xQueueGenericSend  queue.o
    0x080024ac   0x080024ac   0x0000021c   Code   RO          733    .text.xQueueSemaphoreTake  queue.o
    0x080026c8   0x080026c8   0x00000104   Code   RO          884    .text.xTaskCheckForTimeOut  tasks.o
    0x080027cc   0x080027cc   0x00000052   Code   RO          800    .text.xTaskCreate   tasks.o
    0x0800281e   0x0800281e   0x00000002   PAD
    0x08002820   0x08002820   0x00000038   Code   RO          902    .text.xTaskGetSchedulerState  tasks.o
    0x08002858   0x08002858   0x00000288   Code   RO          850    .text.xTaskIncrementTick  tasks.o
    0x08002ae0   0x08002ae0   0x00000142   Code   RO          906    .text.xTaskPriorityDisinherit  tasks.o
    0x08002c22   0x08002c22   0x00000002   PAD
    0x08002c24   0x08002c24   0x0000015c   Code   RO          904    .text.xTaskPriorityInherit  tasks.o
    0x08002d80   0x08002d80   0x000001b4   Code   RO          876    .text.xTaskRemoveFromEventList  tasks.o
    0x08002f34   0x08002f34   0x0000025a   Code   RO          816    .text.xTaskResumeAll  tasks.o
    0x0800318e   0x0800318e   0x00000009   Data   RO           14    .rodata.str1.1      main.o
    0x08003197   0x08003197   0x00000001   PAD
    0x08003198   0x08003198   0x00000020   Data   RO         1230    Region$$Table       anon$$obj.o


    Execution Region ER_RW (Exec base: 0x20000000, Load base: 0x080031b8, Size: 0x00000008, Max: 0xffffffff, ABSOLUTE)

    Exec Addr    Load Addr    Size         Type   Attr      Idx    E Section Name        Object

    0x20000000   0x080031b8   0x00000002   Data   RW           13    .data.LED1          main.o
    0x20000002   0x080031ba   0x00000002   Data   RW           12    .data.LED_VAL       main.o
    0x20000004   0x080031bc   0x00000004   Data   RW          663    .data.uxCriticalNesting  port.o


    Execution Region ER_ZI (Exec base: 0x20000008, Load base: 0x080031c0, Size: 0x00002d18, Max: 0xffffffff, ABSOLUTE)

    Exec Addr    Load Addr    Size         Type   Attr      Idx    E Section Name        Object

    0x20000008        -       0x00000060   Zero   RW         1095    .bss                c_w.l(libspace.o)
    0x20000068        -       0x00000190   Zero   RW           89    .bss.clib_mutex_cb  clib_os.o
    0x200001f8        -       0x00000014   Zero   RW           88    .bss.clib_mutex_id  clib_os.o
    0x2000020c        -       0x00000004   Zero   RW          940    .bss.pxCurrentTCB   tasks.o
    0x20000210        -       0x00000004   Zero   RW          948    .bss.pxDelayedTaskList  tasks.o
    0x20000214        -       0x00000004   Zero   RW          693    .bss.pxEnd          heap_4.o
    0x20000218        -       0x00000004   Zero   RW          949    .bss.pxOverflowDelayedTaskList  tasks.o
    0x2000021c        -       0x00000460   Zero   RW          952    .bss.pxReadyTasksLists  tasks.o
    0x2000067c        -       0x00002000   Zero   RW          696    .bss.ucHeap         heap_4.o
    0x2000267c        -       0x00000004   Zero   RW          945    .bss.uxCurrentNumberOfTasks  tasks.o
    0x20002680        -       0x00000004   Zero   RW          946    .bss.uxSchedulerSuspended  tasks.o
    0x20002684        -       0x00000004   Zero   RW          941    .bss.uxTaskNumber   tasks.o
    0x20002688        -       0x00000004   Zero   RW          953    .bss.uxTopReadyPriority  tasks.o
    0x2000268c        -       0x00000014   Zero   RW          964    .bss.xDelayedTaskList1  tasks.o
    0x200026a0        -       0x00000014   Zero   RW          965    .bss.xDelayedTaskList2  tasks.o
    0x200026b4        -       0x00000004   Zero   RW          694    .bss.xFreeBytesRemaining  heap_4.o
    0x200026b8        -       0x00000004   Zero   RW          697    .bss.xMinimumEverFreeBytesRemaining  heap_4.o
    0x200026bc        -       0x00000004   Zero   RW          955    .bss.xNextTaskUnblockTime  tasks.o
    0x200026c0        -       0x00000004   Zero   RW          959    .bss.xNumOfOverflows  tasks.o
    0x200026c4        -       0x00000004   Zero   RW          698    .bss.xNumberOfSuccessfulAllocations  heap_4.o
    0x200026c8        -       0x00000004   Zero   RW          699    .bss.xNumberOfSuccessfulFrees  heap_4.o
    0x200026cc        -       0x00000004   Zero   RW          958    .bss.xPendedTicks   tasks.o
    0x200026d0        -       0x00000014   Zero   RW          950    .bss.xPendingReadyList  tasks.o
    0x200026e4        -       0x00000004   Zero   RW          942    .bss.xSchedulerRunning  tasks.o
    0x200026e8        -       0x00000008   Zero   RW          695    .bss.xStart         heap_4.o
    0x200026f0        -       0x00000014   Zero   RW          951    .bss.xSuspendedTaskList  tasks.o
    0x20002704        -       0x00000014   Zero   RW          943    .bss.xTasksWaitingTermination  tasks.o
    0x20002718        -       0x00000004   Zero   RW          947    .bss.xTickCount     tasks.o
    0x2000271c        -       0x00000004   Zero   RW          954    .bss.xYieldPendings  tasks.o
    0x20002720        -       0x00000200   Zero   RW          554    HEAP                startup_stm32f10x_md.o
    0x20002920        -       0x00000400   Zero   RW          553    STACK               startup_stm32f10x_md.o


==============================================================================

Image component sizes


      Code (inc. data)   RO Data    RW Data    ZI Data      Debug   Object Name

       400          0          0          0        420       3822   clib_os.o
        60          0          0          0          0      29943   cmsis_os2.o
       176          0          0          0          0       2138   delay_f103.o
      1550          0          0          0       8220       5429   heap_4.o
       238          0          0          0          0       2359   list.o
       318          0          9          4          0       2362   main.o
       494          8          0          4          0       4065   port.o
      2534          0          0          0          0      17629   queue.o
        64         26        236          0       1536        836   startup_stm32f10x_md.o
       434          0          0          0          0       5733   stm32f10x_gpio.o
       400          0          0          0          0       2991   system_stm32f10x.o
      4976          0          0          0       1272      31116   tasks.o

    ----------------------------------------------------------------------
     11718         34        278          8      11448     108423   Object Totals
         0          0         32          0          0          0   (incl. Generated)
        74          0          1          0          0          0   (incl. Padding)

    ----------------------------------------------------------------------

      Code (inc. data)   RO Data    RW Data    ZI Data      Debug   Library Member Name

         8          0          0          0          0         68   __main.o
         0          0          0          0          0          0   __rtentry.o
        20          0          0          0          0          0   __rtentry2.o
         6          0          0          0          0          0   __rtentry4.o
        94          8          0          0          0          0   __scatter.o
        26          0          0          0          0          0   __scatter_copy.o
        28          0          0          0          0          0   __scatter_zi.o
        16          0          0          0          0         68   aeabi_memset4.o
        18          0          0          0          0         80   exit.o
         6          0          0          0          0        152   heapauxi.o
         0          0          0          0          0          0   indicate_semi.o
         2          0          0          0          0          0   libinit.o
         2          0          0          0          0          0   libinit2.o
         2          0          0          0          0          0   libshutdown.o
         2          0          0          0          0          0   libshutdown2.o
         8          4          0          0         96         68   libspace.o
        68          0          0          0          0         68   rt_memclr.o
        78          0          0          0          0         80   rt_memclr_w.o
       138          0          0          0          0         68   rt_memcpy_v6.o
       100          0          0          0          0         80   rt_memcpy_w.o
         2          0          0          0          0          0   rtexit.o
        10          0          0          0          0          0   rtexit2.o
        12          4          0          0          0         68   sys_exit.o
        74          0          0          0          0         80   sys_stackheap_outer.o
         2          0          0          0          0         68   use_no_semi.o

    ----------------------------------------------------------------------
       732         16          0          0         96        948   Library Totals
        10          0          0          0          0          0   (incl. Padding)

    ----------------------------------------------------------------------

      Code (inc. data)   RO Data    RW Data    ZI Data      Debug   Library Name

       722         16          0          0         96        948   c_w.l

    ----------------------------------------------------------------------
       732         16          0          0         96        948   Library Totals

    ----------------------------------------------------------------------

==============================================================================


      Code (inc. data)   RO Data    RW Data    ZI Data      Debug   

     12450         50        278          8      11544     108871   Grand Totals
     12450         50        278          8      11544     108871   ELF Image Totals
     12450         50        278          8          0          0   ROM Totals

==============================================================================

    Total RO  Size (Code + RO Data)                12728 (  12.43kB)
    Total RW  Size (RW Data + ZI Data)             11552 (  11.28kB)
    Total ROM Size (Code + RO Data + RW Data)      12736 (  12.44kB)

==============================================================================

